

================================================================
== Synthesis Summary Report of 'depthwise'
================================================================
+ General Information: 
    * Date:           Thu Jun 23 14:56:43 2022
    * Version:        2020.2 (Build 3064766 on Wed Nov 18 09:12:47 MST 2020)
    * Project:        depthwise
    * Solution:       solution (Vivado IP Flow Target)
    * Product family: zynq
    * Target device:  xc7z020-clg400-1
    

+ Performance & Resource Estimates: 
    
    PS: '+' for module; 'o' for loop; '*' for dataflow
    +----------------------------------------------------------+------+-------+---------+-----------+----------+---------+------+----------+----------+---------+-----------+-----------+-----+
    |                          Modules                         | Issue|       | Latency |  Latency  | Iteration|         | Trip |          |          |         |           |           |     |
    |                          & Loops                         | Type | Slack | (cycles)|    (ns)   |  Latency | Interval| Count| Pipelined|   BRAM   |   DSP   |     FF    |    LUT    | URAM|
    +----------------------------------------------------------+------+-------+---------+-----------+----------+---------+------+----------+----------+---------+-----------+-----------+-----+
    |+ depthwise                                               |     -|  -0.08|    10597|  1.060e+05|         -|    10598|     -|        no|  68 (24%)|  11 (5%)|  3767 (3%)|  3493 (6%)|    -|
    | o SaveDWKernelNLOOP_SaveDWKernelYLOOP_SaveDWKernelXLOOP  |     -|  -7.30|       28|    280.000|         3|        1|    27|       yes|         -|        -|          -|          -|    -|
    | o SaveMapYLOOP                                           |     -|  -7.30|      126|  1.260e+03|        42|        -|     3|        no|         -|        -|          -|          -|    -|
    |  o SaveMapXLOOP                                          |     -|  -7.30|       40|    400.000|         8|        -|     5|        no|         -|        -|          -|          -|    -|
    |   o SaveMapNLOOP                                         |     -|  -7.30|        5|     50.000|         4|        1|     3|       yes|         -|        -|          -|          -|    -|
    | o DWOutYLOOP                                             |     -|  -7.30|    10438|  1.044e+05|       614|        -|    17|        no|         -|        -|          -|          -|    -|
    |  o DWOutXLOOP                                            |     -|  -7.30|      612|  6.120e+03|        36|        -|    17|        no|         -|        -|          -|          -|    -|
    |   o DWChannelLOOP                                        |     -|  -7.30|       33|    330.000|        16|        9|     3|       yes|         -|        -|          -|          -|    -|
    +----------------------------------------------------------+------+-------+---------+-----------+----------+---------+------+----------+----------+---------+-----------+-----------+-----+

