

================================================================
== Vitis HLS Report for 'depthwise'
================================================================
* Date:           Thu Jun 23 14:56:42 2022

* Version:        2020.2 (Build 3064766 on Wed Nov 18 09:12:47 MST 2020)
* Project:        depthwise
* Solution:       solution (Vivado IP Flow Target)
* Product family: zynq
* Target device:  xc7z020-clg400-1


================================================================
== Performance Estimates
================================================================
+ Timing: 
    * Summary: 
    +--------+----------+----------+------------+
    |  Clock |  Target  | Estimated| Uncertainty|
    +--------+----------+----------+------------+
    |ap_clk  |  10.00 ns|  7.216 ns|     2.70 ns|
    +--------+----------+----------+------------+

+ Latency: 
    * Summary: 
    +---------+---------+----------+----------+-------+-------+---------+
    |  Latency (cycles) |  Latency (absolute) |    Interval   | Pipeline|
    |   min   |   max   |    min   |    max   |  min  |  max  |   Type  |
    +---------+---------+----------+----------+-------+-------+---------+
    |    10597|    10597|  0.106 ms|  0.106 ms|  10598|  10598|     none|
    +---------+---------+----------+----------+-------+-------+---------+

    + Detail: 
        * Instance: 
        N/A

        * Loop: 
        +---------------------------------------------------------+---------+---------+----------+-----------+-----------+------+----------+
        |                                                         |  Latency (cycles) | Iteration|  Initiation Interval  | Trip |          |
        |                        Loop Name                        |   min   |   max   |  Latency |  achieved |   target  | Count| Pipelined|
        +---------------------------------------------------------+---------+---------+----------+-----------+-----------+------+----------+
        |- SaveDWKernelNLOOP_SaveDWKernelYLOOP_SaveDWKernelXLOOP  |       28|       28|         3|          1|          1|    27|       yes|
        |- SaveMapYLOOP                                           |      126|      126|        42|          -|          -|     3|        no|
        | + SaveMapXLOOP                                          |       40|       40|         8|          -|          -|     5|        no|
        |  ++ SaveMapNLOOP                                        |        5|        5|         4|          1|          1|     3|       yes|
        |- DWOutYLOOP                                             |    10438|    10438|       614|          -|          -|    17|        no|
        | + DWOutXLOOP                                            |      612|      612|        36|          -|          -|    17|        no|
        |  ++ DWChannelLOOP                                       |       33|       33|        16|          9|          9|     3|       yes|
        +---------------------------------------------------------+---------+---------+----------+-----------+-----------+------+----------+



================================================================
== Utilization Estimates
================================================================
* Summary: 
+-----------------+---------+-----+--------+-------+-----+
|       Name      | BRAM_18K| DSP |   FF   |  LUT  | URAM|
+-----------------+---------+-----+--------+-------+-----+
|DSP              |        -|   11|       -|      -|    -|
|Expression       |        -|    -|       0|   2279|    -|
|FIFO             |        -|    -|       -|      -|    -|
|Instance         |        -|    0|    1815|    568|    -|
|Memory           |       68|    -|       0|      0|    -|
|Multiplexer      |        -|    -|       -|    550|    -|
|Register         |        -|    -|    1952|     96|    -|
+-----------------+---------+-----+--------+-------+-----+
|Total            |       68|   11|    3767|   3493|    0|
+-----------------+---------+-----+--------+-------+-----+
|Available        |      280|  220|  106400|  53200|    0|
+-----------------+---------+-----+--------+-------+-----+
|Utilization (%)  |       24|    5|       3|      6|    0|
+-----------------+---------+-----+--------+-------+-----+

+ Detail: 
    * Instance: 
    +------------------------+--------------------+---------+----+-----+----+-----+
    |        Instance        |       Module       | BRAM_18K| DSP|  FF | LUT| URAM|
    +------------------------+--------------------+---------+----+-----+----+-----+
    |mul_2ns_18s_18_1_1_U2   |mul_2ns_18s_18_1_1  |        0|   0|    0|   6|    0|
    |mul_2ns_18s_18_1_1_U3   |mul_2ns_18s_18_1_1  |        0|   0|    0|   6|    0|
    |mul_2ns_18s_18_1_1_U4   |mul_2ns_18s_18_1_1  |        0|   0|    0|   6|    0|
    |mul_32s_32s_32_2_1_U1   |mul_32s_32s_32_2_1  |        0|   0|  165|  50|    0|
    |mul_32s_32s_32_2_1_U5   |mul_32s_32s_32_2_1  |        0|   0|  165|  50|    0|
    |mul_32s_32s_32_2_1_U6   |mul_32s_32s_32_2_1  |        0|   0|  165|  50|    0|
    |mul_32s_32s_32_2_1_U7   |mul_32s_32s_32_2_1  |        0|   0|  165|  50|    0|
    |mul_32s_32s_32_2_1_U8   |mul_32s_32s_32_2_1  |        0|   0|  165|  50|    0|
    |mul_32s_32s_32_2_1_U9   |mul_32s_32s_32_2_1  |        0|   0|  165|  50|    0|
    |mul_32s_32s_32_2_1_U10  |mul_32s_32s_32_2_1  |        0|   0|  165|  50|    0|
    |mul_32s_32s_32_2_1_U11  |mul_32s_32s_32_2_1  |        0|   0|  165|  50|    0|
    |mul_32s_32s_32_2_1_U12  |mul_32s_32s_32_2_1  |        0|   0|  165|  50|    0|
    |mul_32s_32s_32_2_1_U13  |mul_32s_32s_32_2_1  |        0|   0|  165|  50|    0|
    |mul_32s_32s_32_2_1_U14  |mul_32s_32s_32_2_1  |        0|   0|  165|  50|    0|
    +------------------------+--------------------+---------+----+-----+----+-----+
    |Total                   |                    |        0|   0| 1815| 568|    0|
    +------------------------+--------------------+---------+----+-----+----+-----+

    * DSP: 
    +--------------------------------------------+----------------------------------------+---------------------+
    |                  Instance                  |                 Module                 |      Expression     |
    +--------------------------------------------+----------------------------------------+---------------------+
    |ama_addmuladd_18ns_2ns_18s_18ns_18_4_1_U15  |ama_addmuladd_18ns_2ns_18s_18ns_18_4_1  |  (i0 + i1) * i2 + i3|
    |ama_addmuladd_18ns_2ns_18s_18ns_18_4_1_U20  |ama_addmuladd_18ns_2ns_18s_18ns_18_4_1  |  (i0 + i1) * i2 + i3|
    |mac_muladd_4s_4s_8ns_8_4_1_U16              |mac_muladd_4s_4s_8ns_8_4_1              |         i0 * i1 + i2|
    |mac_muladd_4s_4s_8ns_8_4_1_U17              |mac_muladd_4s_4s_8ns_8_4_1              |         i0 * i1 + i2|
    |mac_muladd_4s_4s_8ns_8_4_1_U18              |mac_muladd_4s_4s_8ns_8_4_1              |         i0 * i1 + i2|
    |mac_muladd_4s_4s_8ns_8_4_1_U19              |mac_muladd_4s_4s_8ns_8_4_1              |         i0 * i1 + i2|
    |mac_muladd_4s_4s_8ns_8_4_1_U21              |mac_muladd_4s_4s_8ns_8_4_1              |         i0 * i1 + i2|
    |mac_muladd_4s_4s_8ns_8_4_1_U22              |mac_muladd_4s_4s_8ns_8_4_1              |         i0 * i1 + i2|
    |mac_muladd_4s_4s_8ns_8_4_1_U23              |mac_muladd_4s_4s_8ns_8_4_1              |         i0 * i1 + i2|
    |mac_muladd_4s_4s_8ns_8_4_1_U24              |mac_muladd_4s_4s_8ns_8_4_1              |         i0 * i1 + i2|
    |mac_muladd_4s_4s_8ns_8_4_1_U25              |mac_muladd_4s_4s_8ns_8_4_1              |         i0 * i1 + i2|
    +--------------------------------------------+----------------------------------------+---------------------+

    * Memory: 
    +----------------+--------------+---------+---+----+-----+--------+-----+------+-------------+
    |     Memory     |    Module    | BRAM_18K| FF| LUT| URAM|  Words | Bits| Banks| W*Bits*Banks|
    +----------------+--------------+---------+---+----+-----+--------+-----+------+-------------+
    |featureMap_V_U  |featureMap_V  |       64|  0|   0|    0|  258048|    4|     1|      1032192|
    |filter_V_U      |filter_V      |        4|  0|   0|    0|   13824|    4|     1|        55296|
    +----------------+--------------+---------+---+----+-----+--------+-----+------+-------------+
    |Total           |              |       68|  0|   0|    0|  271872|    8|     2|      1087488|
    +----------------+--------------+---------+---+----+-----+--------+-----+------+-------------+

    * FIFO: 
    N/A

    * Expression: 
    +-----------------------------------+----------+----+---+----+------------+------------+
    |           Variable Name           | Operation| DSP| FF| LUT| Bitwidth P0| Bitwidth P1|
    +-----------------------------------+----------+----+---+----+------------+------------+
    |add98_fu_1063_p2                   |         +|   0|  0|  10|           2|           2|
    |add_ln102_10_fu_1603_p2            |         +|   0|  0|  16|          18|           1|
    |add_ln102_11_fu_1608_p2            |         +|   0|  0|  16|          18|          18|
    |add_ln102_12_fu_1688_p2            |         +|   0|  0|  16|          18|           2|
    |add_ln102_13_fu_1693_p2            |         +|   0|  0|  16|          18|          18|
    |add_ln102_14_fu_1707_p2            |         +|   0|  0|  16|          18|          18|
    |add_ln102_15_fu_1711_p2            |         +|   0|  0|  16|          18|          18|
    |add_ln102_16_fu_1725_p2            |         +|   0|  0|  25|          18|          18|
    |add_ln102_17_fu_1791_p2            |         +|   0|  0|  16|          18|           1|
    |add_ln102_18_fu_1796_p2            |         +|   0|  0|  16|          18|          18|
    |add_ln102_19_fu_1838_p2            |         +|   0|  0|  16|          18|           2|
    |add_ln102_1_fu_1335_p2             |         +|   0|  0|  16|          18|          18|
    |add_ln102_20_fu_1843_p2            |         +|   0|  0|  16|          18|          18|
    |add_ln102_2_fu_1350_p2             |         +|   0|  0|  25|          18|          18|
    |add_ln102_3_fu_1457_p2             |         +|   0|  0|  16|          18|           1|
    |add_ln102_4_fu_1462_p2             |         +|   0|  0|  16|          18|          18|
    |add_ln102_5_fu_1472_p2             |         +|   0|  0|  16|          18|           2|
    |add_ln102_6_fu_1477_p2             |         +|   0|  0|  16|          18|          18|
    |add_ln102_7_fu_1589_p2             |         +|   0|  0|  16|          18|          18|
    |add_ln102_8_fu_1593_p2             |         +|   0|  0|  16|          18|          18|
    |add_ln102_9_fu_1499_p2             |         +|   0|  0|  25|          18|          18|
    |add_ln102_fu_1331_p2               |         +|   0|  0|  16|          18|          18|
    |add_ln126_fu_1666_p2               |         +|   0|  0|  39|          32|           1|
    |add_ln215_10_fu_1427_p2            |         +|   0|  0|  16|          14|           3|
    |add_ln215_11_fu_1522_p2            |         +|   0|  0|  16|          14|          14|
    |add_ln215_12_fu_1527_p2            |         +|   0|  0|  16|          14|           3|
    |add_ln215_13_fu_1561_p2            |         +|   0|  0|  16|          14|          14|
    |add_ln215_14_fu_1567_p2            |         +|   0|  0|  16|          14|           3|
    |add_ln215_15_fu_1747_p2            |         +|   0|  0|  16|          14|          14|
    |add_ln215_16_fu_1753_p2            |         +|   0|  0|  16|          14|           4|
    |add_ln215_1_fu_1200_p2             |         +|   0|  0|  16|          14|          14|
    |add_ln215_2_fu_1206_p2             |         +|   0|  0|  16|          14|           1|
    |add_ln215_3_fu_1255_p2             |         +|   0|  0|  16|          14|          14|
    |add_ln215_4_fu_1260_p2             |         +|   0|  0|  16|          14|           2|
    |add_ln215_5_fu_1294_p2             |         +|   0|  0|  16|          14|          14|
    |add_ln215_6_fu_1300_p2             |         +|   0|  0|  16|          14|           2|
    |add_ln215_7_fu_1382_p2             |         +|   0|  0|  16|          14|          14|
    |add_ln215_8_fu_1387_p2             |         +|   0|  0|  16|          14|           3|
    |add_ln215_9_fu_1421_p2             |         +|   0|  0|  16|          14|          14|
    |add_ln215_fu_1160_p2               |         +|   0|  0|  17|          14|          14|
    |add_ln47_1_fu_682_p2               |         +|   0|  0|  43|          36|           1|
    |add_ln47_fu_708_p2                 |         +|   0|  0|  39|          32|           1|
    |add_ln49_1_fu_788_p2               |         +|   0|  0|  13|           4|           1|
    |add_ln49_fu_754_p2                 |         +|   0|  0|  10|           2|           1|
    |add_ln50_fu_782_p2                 |         +|   0|  0|  10|           2|           1|
    |add_ln54_1_fu_904_p2               |         +|   0|  0|  16|          14|          14|
    |add_ln54_fu_834_p2                 |         +|   0|  0|  43|          36|          36|
    |add_ln67_fu_997_p2                 |         +|   0|  0|  25|          18|          18|
    |bound4_fu_670_p2                   |         +|   0|  0|  43|          36|          36|
    |n_2_fu_977_p2                      |         +|   0|  0|  38|          31|           1|
    |outMapXSize_fu_961_p2              |         +|   0|  0|  16|          16|           1|
    |outMapYSize_fu_951_p2              |         +|   0|  0|  16|          16|           1|
    |sub91_fu_1029_p2                   |         +|   0|  0|  24|          17|           2|
    |sub_fu_920_p2                      |         +|   0|  0|  39|          32|           2|
    |x_4_fu_1014_p2                     |         +|   0|  0|  39|          32|           1|
    |x_6_fu_2033_p2                     |         +|   0|  0|  39|          32|           1|
    |y_3_fu_931_p2                      |         +|   0|  0|  10|           2|           1|
    |y_4_cast_fu_1082_p2                |         +|   0|  0|  10|           2|           1|
    |y_4_fu_1035_p2                     |         +|   0|  0|  20|          15|           1|
    |sub_ln54_1_fu_896_p2               |         -|   0|  0|  16|          14|          14|
    |sub_ln54_fu_816_p2                 |         -|   0|  0|  42|          35|          35|
    |sub_ln77_fu_947_p2                 |         -|   0|  0|  16|          16|          16|
    |sub_ln78_fu_957_p2                 |         -|   0|  0|  16|          16|          16|
    |and_ln100_fu_1763_p2               |       and|   0|  0|   2|           1|           1|
    |and_ln101_1_fu_1853_p2             |       and|   0|  0|   2|           1|           1|
    |and_ln101_2_fu_1885_p2             |       and|   0|  0|   2|           1|           1|
    |and_ln101_3_fu_1912_p2             |       and|   0|  0|   2|           1|           1|
    |and_ln101_4_fu_1936_p2             |       and|   0|  0|   2|           1|           1|
    |and_ln101_5_fu_1959_p2             |       and|   0|  0|   2|           1|           1|
    |and_ln101_6_fu_1975_p2             |       and|   0|  0|   2|           1|           1|
    |and_ln101_fu_1810_p2               |       and|   0|  0|   2|           1|           1|
    |and_ln113_fu_2010_p2               |       and|   0|  0|   2|           1|           1|
    |and_ln47_fu_748_p2                 |       and|   0|  0|   2|           1|           1|
    |ap_block_pp0_stage0_11001          |       and|   0|  0|   2|           1|           1|
    |ap_block_pp1_stage0_11001          |       and|   0|  0|   2|           1|           1|
    |ap_block_pp2_stage5_01001          |       and|   0|  0|   2|           1|           1|
    |ap_block_pp2_stage5_11001          |       and|   0|  0|   2|           1|           1|
    |ap_block_pp2_stage6_11001          |       and|   0|  0|   2|           1|           1|
    |ap_block_pp2_stage8_11001          |       and|   0|  0|   2|           1|           1|
    |ap_block_state24_pp2_stage8_iter0  |       and|   0|  0|   2|           1|           1|
    |ap_block_state30_io                |       and|   0|  0|   2|           1|           1|
    |ap_block_state31_io                |       and|   0|  0|   2|           1|           1|
    |ap_block_state4_pp0_stage0_iter2   |       and|   0|  0|   2|           1|           1|
    |ap_block_state8_pp1_stage0_iter0   |       and|   0|  0|   2|           1|           1|
    |ap_condition_2060                  |       and|   0|  0|   2|           1|           1|
    |ap_condition_454                   |       and|   0|  0|   2|           1|           1|
    |ap_predicate_op169_read_state8     |       and|   0|  0|   2|           1|           1|
    |ap_predicate_op477_read_state24    |       and|   0|  0|   2|           1|           1|
    |ap_predicate_op545_write_state30   |       and|   0|  0|   2|           1|           1|
    |cmp22_not_mid113_fu_676_p2         |      icmp|   0|  0|  18|          32|           1|
    |cmp92_fu_1058_p2                   |      icmp|   0|  0|  13|          17|          17|
    |icmp_ln100_fu_1326_p2              |      icmp|   0|  0|  18|          32|          32|
    |icmp_ln105_fu_1638_p2              |      icmp|   0|  0|  18|          32|          32|
    |icmp_ln122_fu_1647_p2              |      icmp|   0|  0|  18|          32|          32|
    |icmp_ln47_fu_703_p2                |      icmp|   0|  0|  19|          36|          36|
    |icmp_ln49_fu_714_p2                |      icmp|   0|  0|   9|           4|           4|
    |icmp_ln50_fu_742_p2                |      icmp|   0|  0|   8|           2|           2|
    |icmp_ln52_fu_872_p2                |      icmp|   0|  0|  18|          32|          32|
    |icmp_ln61_fu_937_p2                |      icmp|   0|  0|   8|           2|           2|
    |icmp_ln62_fu_971_p2                |      icmp|   0|  0|  18|          32|           6|
    |icmp_ln64_fu_987_p2                |      icmp|   0|  0|  18|          32|          32|
    |icmp_ln67_fu_992_p2                |      icmp|   0|  0|  18|          32|          32|
    |icmp_ln80_fu_1045_p2               |      icmp|   0|  0|  13|          16|          16|
    |icmp_ln83_fu_1122_p2               |      icmp|   0|  0|  14|          22|           1|
    |icmp_ln86_fu_1128_p2               |      icmp|   0|  0|  18|          32|          11|
    |icmp_ln99_1_fu_1179_p2             |      icmp|   0|  0|  18|          32|          32|
    |icmp_ln99_2_fu_1240_p2             |      icmp|   0|  0|  18|          32|          32|
    |icmp_ln99_3_fu_1273_p2             |      icmp|   0|  0|  18|          32|          32|
    |icmp_ln99_4_fu_1367_p2             |      icmp|   0|  0|  18|          32|          32|
    |icmp_ln99_5_fu_1400_p2             |      icmp|   0|  0|  18|          32|          32|
    |icmp_ln99_6_fu_1507_p2             |      icmp|   0|  0|  18|          32|          32|
    |icmp_ln99_7_fu_1540_p2             |      icmp|   0|  0|  18|          32|          32|
    |icmp_ln99_8_fu_1634_p2             |      icmp|   0|  0|  18|          32|          32|
    |icmp_ln99_fu_1134_p2               |      icmp|   0|  0|  18|          32|          32|
    |slt108_fu_851_p2                   |      icmp|   0|  0|  18|          32|          32|
    |slt_fu_692_p2                      |      icmp|   0|  0|  18|          32|          32|
    |ap_block_state1                    |        or|   0|  0|   2|           1|           1|
    |or_ln49_fu_760_p2                  |        or|   0|  0|   2|           1|           1|
    |or_ln52_fu_883_p2                  |        or|   0|  0|   2|           1|           1|
    |accum_V_10_fu_1863_p3              |    select|   0|  0|   8|           1|           8|
    |accum_V_12_fu_1889_p3              |    select|   0|  0|   8|           1|           8|
    |accum_V_13_fu_1895_p3              |    select|   0|  0|   8|           1|           8|
    |accum_V_15_fu_1916_p3              |    select|   0|  0|   8|           1|           8|
    |accum_V_16_fu_1922_p3              |    select|   0|  0|   8|           1|           8|
    |accum_V_18_fu_1940_p3              |    select|   0|  0|   8|           1|           8|
    |accum_V_19_fu_1946_p3              |    select|   0|  0|   8|           1|           8|
    |accum_V_21_fu_1963_p3              |    select|   0|  0|   8|           1|           8|
    |accum_V_22_fu_1969_p3              |    select|   0|  0|   8|           1|           8|
    |accum_V_24_fu_1979_p3              |    select|   0|  0|   8|           1|           8|
    |accum_V_25_fu_1985_p3              |    select|   0|  0|   8|           1|           8|
    |accum_V_27_fu_1996_p3              |    select|   0|  0|   8|           1|           8|
    |accum_V_29_fu_2015_p3              |    select|   0|  0|   8|           1|           1|
    |accum_V_3_fu_1767_p3               |    select|   0|  0|   8|           1|           8|
    |accum_V_4_fu_1773_p3               |    select|   0|  0|   8|           1|           8|
    |accum_V_6_fu_1814_p3               |    select|   0|  0|   8|           1|           8|
    |accum_V_7_fu_1820_p3               |    select|   0|  0|   8|           1|           8|
    |accum_V_9_fu_1857_p3               |    select|   0|  0|   8|           1|           8|
    |grp_fu_2047_p2                     |    select|   0|  0|   8|           1|           8|
    |kn_1_fu_1171_p3                    |    select|   0|  0|  32|           1|          32|
    |kn_2_fu_1212_p3                    |    select|   0|  0|  32|           1|          32|
    |kn_3_fu_1266_p3                    |    select|   0|  0|  32|           1|          32|
    |kn_4_fu_1306_p3                    |    select|   0|  0|  32|           1|          32|
    |kn_5_fu_1393_p3                    |    select|   0|  0|  32|           1|          32|
    |kn_6_fu_1433_p3                    |    select|   0|  0|  32|           1|          32|
    |kn_7_fu_1533_p3                    |    select|   0|  0|  32|           1|          32|
    |kn_8_fu_1573_p3                    |    select|   0|  0|  32|           1|          32|
    |select_ln47_1_fu_728_p3            |    select|   0|  0|  32|           1|          32|
    |select_ln47_2_fu_826_p3            |    select|   0|  0|   2|           1|           1|
    |select_ln47_fu_720_p3              |    select|   0|  0|   2|           1|           1|
    |select_ln49_1_fu_774_p3            |    select|   0|  0|   2|           1|           2|
    |select_ln49_2_fu_862_p3            |    select|   0|  0|   2|           1|           1|
    |select_ln49_3_fu_794_p3            |    select|   0|  0|   4|           1|           1|
    |select_ln49_fu_766_p3              |    select|   0|  0|   2|           1|           1|
    |x_8_fu_1658_p3                     |    select|   0|  0|  32|           1|          11|
    |add74_2_fu_1097_p2                 |       xor|   0|  0|   3|           2|           3|
    |ap_enable_pp0                      |       xor|   0|  0|   2|           1|           2|
    |ap_enable_pp1                      |       xor|   0|  0|   2|           1|           2|
    |ap_enable_pp2                      |       xor|   0|  0|   2|           1|           2|
    |ap_enable_reg_pp0_iter1            |       xor|   0|  0|   2|           2|           1|
    |ap_enable_reg_pp1_iter1            |       xor|   0|  0|   2|           2|           1|
    |rev107_fu_697_p2                   |       xor|   0|  0|   2|           1|           2|
    |rev109_fu_856_p2                   |       xor|   0|  0|   2|           1|           2|
    |xor_ln122_fu_1652_p2               |       xor|   0|  0|   2|           1|           2|
    |xor_ln47_fu_736_p2                 |       xor|   0|  0|   2|           1|           2|
    |xor_ln52_fu_877_p2                 |       xor|   0|  0|   2|           1|           2|
    +-----------------------------------+----------+----+---+----+------------+------------+
    |Total                              |          |   0|  0|2279|        1923|        1772|
    +-----------------------------------+----------+----+---+----+------------+------------+

    * Multiplexer: 
    +-----------------------------------+-----+-----------+-----+-----------+
    |                Name               | LUT | Input Size| Bits| Total Bits|
    +-----------------------------------+-----+-----------+-----+-----------+
    |accum_V_fu_192                     |   14|          3|    8|         24|
    |ap_NS_fsm                          |  106|         21|    1|         21|
    |ap_enable_reg_pp0_iter1            |    9|          2|    1|          2|
    |ap_enable_reg_pp0_iter2            |    9|          2|    1|          2|
    |ap_enable_reg_pp1_iter1            |    9|          2|    1|          2|
    |ap_enable_reg_pp1_iter3            |    9|          2|    1|          2|
    |ap_enable_reg_pp2_iter1            |    9|          2|    1|          2|
    |ap_phi_mux_kn_phi_fu_569_p4        |    9|          2|   32|         64|
    |ap_phi_mux_n_phi_fu_433_p4         |    9|          2|   32|         64|
    |ap_phi_mux_x_3_phi_fu_510_p4       |    9|          2|   32|         64|
    |ap_phi_mux_x_5_phi_fu_580_p4       |    9|          2|   32|         64|
    |ap_phi_mux_y_1_phi_fu_455_p4       |    9|          2|    2|          4|
    |ap_phi_reg_pp2_iter0_kn_9_reg_600  |    9|          2|   32|         64|
    |ap_phi_reg_pp2_iter0_x_9_reg_588   |    9|          2|   32|         64|
    |ap_sig_allocacmp_accum_V_load      |   14|          3|    8|         24|
    |featureMap_V_address0              |   48|          9|   18|        162|
    |featureMap_V_address1              |   20|          4|   18|         72|
    |featureMap_V_d0                    |   14|          3|    4|         12|
    |filter_V_address0                  |   59|         11|   14|        154|
    |indvar_flatten17_reg_418           |    9|          2|   36|         72|
    |indvar_flatten_reg_440             |    9|          2|    4|          8|
    |kn_reg_565                         |    9|          2|   32|         64|
    |n_1_reg_496                        |    9|          2|   31|         62|
    |n_reg_429                          |    9|          2|   32|         64|
    |phi_mul_reg_518                    |    9|          2|   18|         36|
    |reg_629                            |    9|          2|    4|          8|
    |strm_in_TDATA_blk_n                |    9|          2|    1|          2|
    |strm_out_TDATA_blk_n               |    9|          2|    1|          2|
    |x_1_reg_462                        |    9|          2|    2|          4|
    |x_2_reg_553                        |    9|          2|   32|         64|
    |x_3_reg_507                        |    9|          2|   32|         64|
    |x_5_reg_577                        |    9|          2|   32|         64|
    |x_7_reg_529                        |   14|          3|   32|         96|
    |x_reg_484                          |    9|          2|   32|         64|
    |y_1_reg_451                        |    9|          2|    2|          4|
    |y_2_reg_542                        |    9|          2|   15|         30|
    |y_reg_473                          |    9|          2|    2|          4|
    +-----------------------------------+-----+-----------+-----+-----------+
    |Total                              |  550|        115|  610|       1579|
    +-----------------------------------+-----+-----------+-----+-----------+

    * Register: 
    +------------------------------------+----+----+-----+-----------+
    |                Name                | FF | LUT| Bits| Const Bits|
    +------------------------------------+----+----+-----+-----------+
    |accum_V_10_reg_2882                 |   8|   0|    8|          0|
    |accum_V_13_reg_2909                 |   8|   0|    8|          0|
    |accum_V_16_reg_2931                 |   8|   0|    8|          0|
    |accum_V_19_reg_2948                 |   8|   0|    8|          0|
    |accum_V_22_reg_2965                 |   8|   0|    8|          0|
    |accum_V_25_reg_2972                 |   8|   0|    8|          0|
    |accum_V_4_reg_2818                  |   8|   0|    8|          0|
    |accum_V_7_reg_2855                  |   8|   0|    8|          0|
    |accum_V_fu_192                      |   8|   0|    8|          0|
    |accum_V_load_reg_2761               |   8|   0|    8|          0|
    |add_ln102_16_reg_2802               |  18|   0|   18|          0|
    |add_ln102_2_reg_2570                |  18|   0|   18|          0|
    |add_ln102_9_reg_2665                |  18|   0|   18|          0|
    |add_ln215_10_reg_2608               |  14|   0|   14|          0|
    |add_ln215_12_reg_2677               |  14|   0|   14|          0|
    |add_ln215_14_reg_2693               |  14|   0|   14|          0|
    |add_ln215_16_reg_2808               |  14|   0|   14|          0|
    |add_ln215_2_reg_2461                |  14|   0|   14|          0|
    |add_ln215_4_reg_2499                |  14|   0|   14|          0|
    |add_ln215_6_reg_2515                |  14|   0|   14|          0|
    |add_ln215_8_reg_2592                |  14|   0|   14|          0|
    |add_ln49_reg_2239                   |   2|   0|    2|          0|
    |and99_cast_reg_2408                 |   2|   0|   18|         16|
    |and_ln47_reg_2234                   |   1|   0|    1|          0|
    |ap_CS_fsm                           |  20|   0|   20|          0|
    |ap_enable_reg_pp0_iter0             |   1|   0|    1|          0|
    |ap_enable_reg_pp0_iter1             |   1|   0|    1|          0|
    |ap_enable_reg_pp0_iter2             |   1|   0|    1|          0|
    |ap_enable_reg_pp1_iter0             |   1|   0|    1|          0|
    |ap_enable_reg_pp1_iter1             |   1|   0|    1|          0|
    |ap_enable_reg_pp1_iter2             |   1|   0|    1|          0|
    |ap_enable_reg_pp1_iter3             |   1|   0|    1|          0|
    |ap_enable_reg_pp2_iter0             |   1|   0|    1|          0|
    |ap_enable_reg_pp2_iter1             |   1|   0|    1|          0|
    |ap_phi_reg_pp2_iter0_kn_9_reg_600   |  32|   0|   32|          0|
    |ap_phi_reg_pp2_iter0_x_9_reg_588    |  32|   0|   32|          0|
    |bias_V_reg_2193                     |   4|   0|    4|          0|
    |bound4_reg_2198                     |  36|   0|   36|          0|
    |cmp22_not_mid113_reg_2203           |   1|   0|    1|          0|
    |cmp92_reg_2404                      |   1|   0|    1|          0|
    |conv69_reg_2368                     |  32|   0|   32|          0|
    |conv_i38_reg_2373                   |   8|   0|    8|          0|
    |empty_16_reg_2182                   |  16|   0|   16|          0|
    |empty_17_reg_2188                   |  16|   0|   16|          0|
    |empty_20_reg_2290                   |  18|   0|   18|          0|
    |empty_23_reg_2813                   |  18|   0|   18|          0|
    |empty_reg_2177                      |  16|   0|   16|          0|
    |icmp_ln100_reg_2546                 |   1|   0|    1|          0|
    |icmp_ln100_reg_2546_pp2_iter1_reg   |   1|   0|    1|          0|
    |icmp_ln105_reg_2747                 |   1|   0|    1|          0|
    |icmp_ln105_reg_2747_pp2_iter1_reg   |   1|   0|    1|          0|
    |icmp_ln47_reg_2218                  |   1|   0|    1|          0|
    |icmp_ln49_reg_2222                  |   1|   0|    1|          0|
    |icmp_ln64_reg_2340                  |   1|   0|    1|          0|
    |icmp_ln67_reg_2344                  |   1|   0|    1|          0|
    |icmp_ln86_reg_2435                  |   1|   0|    1|          0|
    |icmp_ln86_reg_2435_pp2_iter1_reg    |   1|   0|    1|          0|
    |icmp_ln99_1_reg_2455                |   1|   0|    1|          0|
    |icmp_ln99_2_reg_2493                |   1|   0|    1|          0|
    |icmp_ln99_3_reg_2509                |   1|   0|    1|          0|
    |icmp_ln99_4_reg_2586                |   1|   0|    1|          0|
    |icmp_ln99_5_reg_2602                |   1|   0|    1|          0|
    |icmp_ln99_6_reg_2671                |   1|   0|    1|          0|
    |icmp_ln99_7_reg_2687                |   1|   0|    1|          0|
    |icmp_ln99_7_reg_2687_pp2_iter1_reg  |   1|   0|    1|          0|
    |icmp_ln99_8_reg_2743                |   1|   0|    1|          0|
    |icmp_ln99_8_reg_2743_pp2_iter1_reg  |   1|   0|    1|          0|
    |icmp_ln99_reg_2439                  |   1|   0|    1|          0|
    |indvar_flatten17_reg_418            |  36|   0|   36|          0|
    |indvar_flatten_reg_440              |   4|   0|    4|          0|
    |kn_1_reg_2450                       |  32|   0|   32|          0|
    |kn_2_reg_2466                       |  32|   0|   32|          0|
    |kn_3_reg_2504                       |  32|   0|   32|          0|
    |kn_4_reg_2520                       |  32|   0|   32|          0|
    |kn_5_reg_2597                       |  32|   0|   32|          0|
    |kn_6_reg_2613                       |  32|   0|   32|          0|
    |kn_7_reg_2682                       |  32|   0|   32|          0|
    |kn_8_reg_2698                       |  32|   0|   32|          0|
    |kn_9_reg_600                        |  32|   0|   32|          0|
    |kn_reg_565                          |  32|   0|   32|          0|
    |lhs_6_reg_2840                      |   4|   0|    4|          0|
    |mul75_1_cast_reg_2419               |  18|   0|   18|          0|
    |mul75_cast_reg_2413                 |  18|   0|   18|          0|
    |mul_ln102_reg_2383                  |  32|   0|   32|          0|
    |mul_ln83_reg_2425                   |  18|   0|   18|          0|
    |n_1_reg_496                         |  31|   0|   31|          0|
    |n_reg_429                           |  32|   0|   32|          0|
    |or_ln52_reg_2276                    |   1|   0|    1|          0|
    |outMapXSize_reg_2326                |  16|   0|   16|          0|
    |outMapYSize_reg_2320                |  16|   0|   16|          0|
    |phi_mul_reg_518                     |  18|   0|   18|          0|
    |reg_621                             |   4|   0|    4|          0|
    |reg_625                             |   4|   0|    4|          0|
    |reg_629                             |   4|   0|    4|          0|
    |reg_634                             |   4|   0|    4|          0|
    |rev107_reg_2213                     |   1|   0|    1|          0|
    |rhs_8_reg_2926                      |   4|   0|    4|          0|
    |select_ln47_1_reg_2227              |  32|   0|   32|          0|
    |select_ln49_1_reg_2250              |   2|   0|    2|          0|
    |select_ln49_reg_2244                |   2|   0|    2|          0|
    |select_ln49_reg_2244_pp0_iter1_reg  |   2|   0|    2|          0|
    |sub91_reg_2378                      |  17|   0|   17|          0|
    |sub_reg_2280                        |  32|   0|   32|          0|
    |trunc_ln102_1_reg_2565              |  18|   0|   18|          0|
    |trunc_ln102_2_reg_2576              |  18|   0|   18|          0|
    |trunc_ln102_3_reg_2650              |  18|   0|   18|          0|
    |trunc_ln102_4_reg_2660              |  18|   0|   18|          0|
    |trunc_ln102_5_reg_2733              |  18|   0|   18|          0|
    |trunc_ln102_6_reg_2738              |  18|   0|   18|          0|
    |trunc_ln102_7_reg_2797              |  18|   0|   18|          0|
    |trunc_ln102_8_reg_2850              |  18|   0|   18|          0|
    |trunc_ln102_reg_2483                |  18|   0|   18|          0|
    |trunc_ln215_12_reg_2620             |  14|   0|   14|          0|
    |trunc_ln215_13_reg_2625             |  11|   0|   11|          0|
    |trunc_ln215_4_reg_2473              |  14|   0|   14|          0|
    |trunc_ln215_5_reg_2478              |  11|   0|   11|          0|
    |trunc_ln215_8_reg_2527              |  14|   0|   14|          0|
    |trunc_ln215_9_reg_2532              |  11|   0|   11|          0|
    |trunc_ln36_reg_2537                 |  18|   0|   18|          0|
    |trunc_ln54_1_reg_2271               |  12|   0|   12|          0|
    |trunc_ln54_reg_2266                 |  14|   0|   14|          0|
    |trunc_ln64_reg_2358                 |  18|   0|   18|          0|
    |trunc_ln69_1_reg_2353               |   4|   0|    4|          0|
    |trunc_ln69_2_reg_2904               |   4|   0|    4|          0|
    |trunc_ln70_reg_2285                 |  18|   0|   18|          0|
    |x_1_reg_462                         |   2|   0|    2|          0|
    |x_2_reg_553                         |  32|   0|   32|          0|
    |x_3_reg_507                         |  32|   0|   32|          0|
    |x_5_reg_577                         |  32|   0|   32|          0|
    |x_7_reg_529                         |  32|   0|   32|          0|
    |x_9_reg_588                         |  32|   0|   32|          0|
    |x_reg_484                           |  32|   0|   32|          0|
    |y_1_reg_451                         |   2|   0|    2|          0|
    |y_2_reg_542                         |  15|   0|   15|          0|
    |y_3_reg_2299                        |   2|   0|    2|          0|
    |y_4_reg_2396                        |  15|   0|   15|          0|
    |y_reg_473                           |   2|   0|    2|          0|
    |zext_ln61_reg_2307                  |   2|   0|   18|         16|
    |icmp_ln64_reg_2340                  |  64|  32|    1|          0|
    |icmp_ln67_reg_2344                  |  64|  32|    1|          0|
    |trunc_ln69_1_reg_2353               |  64|  32|    4|          0|
    +------------------------------------+----+----+-----+-----------+
    |Total                               |1952|  96| 1798|         32|
    +------------------------------------+----+----+-----+-----------+



================================================================
== Interface
================================================================
* Summary: 
+-----------------+-----+-----+------------+-------------------+--------------+
|    RTL Ports    | Dir | Bits|  Protocol  |   Source Object   |    C Type    |
+-----------------+-----+-----+------------+-------------------+--------------+
|ap_clk           |   in|    1|  ap_ctrl_hs|          depthwise|  return value|
|ap_rst_n         |   in|    1|  ap_ctrl_hs|          depthwise|  return value|
|ap_start         |   in|    1|  ap_ctrl_hs|          depthwise|  return value|
|ap_done          |  out|    1|  ap_ctrl_hs|          depthwise|  return value|
|ap_idle          |  out|    1|  ap_ctrl_hs|          depthwise|  return value|
|ap_ready         |  out|    1|  ap_ctrl_hs|          depthwise|  return value|
|strm_in_TDATA    |   in|   32|        axis|   strm_in_V_data_V|       pointer|
|strm_in_TVALID   |   in|    1|        axis|   strm_in_V_last_V|       pointer|
|strm_in_TREADY   |  out|    1|        axis|   strm_in_V_last_V|       pointer|
|strm_in_TLAST    |   in|    1|        axis|   strm_in_V_last_V|       pointer|
|strm_in_TKEEP    |   in|    4|        axis|   strm_in_V_keep_V|       pointer|
|strm_in_TSTRB    |   in|    4|        axis|   strm_in_V_strb_V|       pointer|
|strm_out_TDATA   |  out|   32|        axis|  strm_out_V_data_V|       pointer|
|strm_out_TVALID  |  out|    1|        axis|  strm_out_V_last_V|       pointer|
|strm_out_TREADY  |   in|    1|        axis|  strm_out_V_last_V|       pointer|
|strm_out_TLAST   |  out|    1|        axis|  strm_out_V_last_V|       pointer|
|strm_out_TKEEP   |  out|    4|        axis|  strm_out_V_keep_V|       pointer|
|strm_out_TSTRB   |  out|    4|        axis|  strm_out_V_strb_V|       pointer|
|kernelN          |   in|   32|     ap_none|            kernelN|        scalar|
|kernelSize       |   in|   32|     ap_none|         kernelSize|        scalar|
|mapSizeX         |   in|   32|     ap_none|           mapSizeX|        scalar|
|mapSizeY         |   in|   32|     ap_none|           mapSizeY|        scalar|
|relu             |   in|    1|     ap_none|               relu|        scalar|
+-----------------+-----+-----+------------+-------------------+--------------+

