

================================================================
== Vitis HLS Report for 'depthwise'
================================================================
* Date:           Mon Jun 27 16:03:29 2022

* Version:        2020.2 (Build 3064766 on Wed Nov 18 09:12:47 MST 2020)
* Project:        depthwise
* Solution:       solution (Vivado IP Flow Target)
* Product family: zynq
* Target device:  xc7z020-clg400-1


================================================================
== Performance Estimates
================================================================
+ Timing: 
    * Summary: 
    +--------+----------+----------+------------+
    |  Clock |  Target  | Estimated| Uncertainty|
    +--------+----------+----------+------------+
    |ap_clk  |  10.00 ns|  6.912 ns|     2.70 ns|
    +--------+----------+----------+------------+

+ Latency: 
    * Summary: 
    +---------+---------+-----------+----------+------+-------+---------+
    |  Latency (cycles) |  Latency (absolute)  |   Interval   | Pipeline|
    |   min   |   max   |    min    |    max   |  min |  max  |   Type  |
    +---------+---------+-----------+----------+------+-------+---------+
    |     2229|    11679|  22.290 us|  0.117 ms|  2230|  11680|     none|
    +---------+---------+-----------+----------+------+-------+---------+

    + Detail: 
        * Instance: 
        N/A

        * Loop: 
        +------------------------+---------+---------+------------+-----------+-----------+------+----------+
        |                        |  Latency (cycles) |  Iteration |  Initiation Interval  | Trip |          |
        |        Loop Name       |   min   |   max   |   Latency  |  achieved |   target  | Count| Pipelined|
        +------------------------+---------+---------+------------+-----------+-----------+------+----------+
        |- SaveDWKernelNLOOP     |       60|       60|          20|          -|          -|     3|        no|
        | + SaveDWKernelYLOOP    |       18|       18|           6|          -|          -|     3|        no|
        |  ++ SaveDWKernelXLOOP  |        3|        3|           1|          1|          1|     3|       yes|
        |- SaveMapYLOOP          |      156|      156|          52|          -|          -|     3|        no|
        | + SaveMapXLOOP         |       50|       50|          10|          -|          -|     5|        no|
        |  ++ SaveMapNLOOP       |        7|        7|           6|          1|          1|     3|       yes|
        |- DWOutYLOOP            |     2010|    11460|  402 ~ 2292|          -|          -|     5|        no|
        | + DWOutXLOOP           |      400|     2290|    80 ~ 458|          -|          -|     5|        no|
        |  ++ DWChannelLOOP      |       78|      456|    26 ~ 152|          -|          -|     3|        no|
        |   +++ DWKernelYLOOP    |       24|      150|      8 ~ 50|          -|          -|     3|        no|
        |    ++++ DWKernelXLOOP  |        6|       48|      2 ~ 16|          -|          -|     3|        no|
        +------------------------+---------+---------+------------+-----------+-----------+------+----------+



================================================================
== Utilization Estimates
================================================================
* Summary: 
+-----------------+---------+-----+--------+-------+-----+
|       Name      | BRAM_18K| DSP |   FF   |  LUT  | URAM|
+-----------------+---------+-----+--------+-------+-----+
|DSP              |        -|    6|       -|      -|    -|
|Expression       |        -|    -|       0|   1102|    -|
|FIFO             |        -|    -|       -|      -|    -|
|Instance         |        -|    0|     330|    100|    -|
|Memory           |       68|    -|       0|      0|    -|
|Multiplexer      |        -|    -|       -|    681|    -|
|Register         |        -|    -|    1724|    160|    -|
+-----------------+---------+-----+--------+-------+-----+
|Total            |       68|    6|    2054|   2043|    0|
+-----------------+---------+-----+--------+-------+-----+
|Available        |      280|  220|  106400|  53200|    0|
+-----------------+---------+-----+--------+-------+-----+
|Utilization (%)  |       24|    2|       1|      3|    0|
+-----------------+---------+-----+--------+-------+-----+

+ Detail: 
    * Instance: 
    +-----------------------+--------------------+---------+----+-----+----+-----+
    |        Instance       |       Module       | BRAM_18K| DSP|  FF | LUT| URAM|
    +-----------------------+--------------------+---------+----+-----+----+-----+
    |mul_32s_32s_32_2_1_U1  |mul_32s_32s_32_2_1  |        0|   0|  165|  50|    0|
    |mul_32s_32s_32_2_1_U2  |mul_32s_32s_32_2_1  |        0|   0|  165|  50|    0|
    +-----------------------+--------------------+---------+----+-----+----+-----+
    |Total                  |                    |        0|   0|  330| 100|    0|
    +-----------------------+--------------------+---------+----+-----+----+-----+

    * DSP: 
    +-------------------------------------------+----------------------------------------+---------------------+
    |                  Instance                 |                 Module                 |      Expression     |
    +-------------------------------------------+----------------------------------------+---------------------+
    |ama_addmuladd_14s_14ns_14s_14ns_14_4_1_U6  |ama_addmuladd_14s_14ns_14s_14ns_14_4_1  |  (i0 + i1) * i2 + i3|
    |ama_addmuladd_18ns_2ns_18s_18ns_18_4_1_U3  |ama_addmuladd_18ns_2ns_18s_18ns_18_4_1  |  (i0 + i1) * i2 + i3|
    |ama_addmuladd_18ns_2ns_18s_18ns_18_4_1_U8  |ama_addmuladd_18ns_2ns_18s_18ns_18_4_1  |  (i0 + i1) * i2 + i3|
    |ama_addmuladd_2ns_18ns_18s_18ns_18_4_1_U5  |ama_addmuladd_2ns_18ns_18s_18ns_18_4_1  |  i0 + (i1 + i2) * i3|
    |mac_muladd_4s_4s_8ns_8_4_1_U7              |mac_muladd_4s_4s_8ns_8_4_1              |         i0 * i1 + i2|
    |mul_mul_14s_14s_14_4_1_U4                  |mul_mul_14s_14s_14_4_1                  |              i0 * i1|
    +-------------------------------------------+----------------------------------------+---------------------+

    * Memory: 
    +----------------+--------------+---------+---+----+-----+--------+-----+------+-------------+
    |     Memory     |    Module    | BRAM_18K| FF| LUT| URAM|  Words | Bits| Banks| W*Bits*Banks|
    +----------------+--------------+---------+---+----+-----+--------+-----+------+-------------+
    |featureMap_V_U  |featureMap_V  |       64|  0|   0|    0|  258048|    4|     1|      1032192|
    |filter_V_U      |filter_V      |        4|  0|   0|    0|   13824|    4|     1|        55296|
    +----------------+--------------+---------+---+----+-----+--------+-----+------+-------------+
    |Total           |              |       68|  0|   0|    0|  271872|    8|     2|      1087488|
    +----------------+--------------+---------+---+----+-----+--------+-----+------+-------------+

    * FIFO: 
    N/A

    * Expression: 
    +----------------------------------+----------+----+---+----+------------+------------+
    |           Variable Name          | Operation| DSP| FF| LUT| Bitwidth P0| Bitwidth P1|
    +----------------------------------+----------+----+---+----+------------+------------+
    |add_ln109_2_fu_1178_p2            |         +|   0|  0|  25|          18|          18|
    |add_ln109_fu_1152_p2              |         +|   0|  0|  10|           2|           2|
    |add_ln116_fu_1256_p2              |         +|   0|  0|  10|           2|           2|
    |count_1_fu_869_p2                 |         +|   0|  0|  39|          32|           1|
    |kn_3_fu_1083_p2                   |         +|   0|  0|  39|          32|           1|
    |kx_2_fu_1303_p2                   |         +|   0|  0|  39|          32|           1|
    |ky_2_fu_1130_p2                   |         +|   0|  0|  39|          32|           1|
    |n_4_fu_834_p2                     |         +|   0|  0|  39|          32|           1|
    |n_7_fu_1003_p2                    |         +|   0|  0|  39|          32|           1|
    |outMapXSize_fu_930_p2             |         +|   0|  0|  16|          16|           1|
    |outMapYSize_fu_920_p2             |         +|   0|  0|  16|          16|           1|
    |sub81_fu_952_p2                   |         +|   0|  0|  24|          17|           2|
    |x_5_fu_1021_p2                    |         +|   0|  0|  39|          32|           1|
    |x_6_fu_885_p2                     |         +|   0|  0|  39|          32|           1|
    |x_8_fu_1071_p2                    |         +|   0|  0|  39|          32|           1|
    |y_5_fu_891_p2                     |         +|   0|  0|  39|          32|           1|
    |y_6_fu_897_p2                     |         +|   0|  0|  10|           2|           1|
    |y_8_fu_1059_p2                    |         +|   0|  0|  39|          32|           1|
    |sub_ln84_fu_916_p2                |         -|   0|  0|  16|          16|          16|
    |sub_ln85_fu_926_p2                |         -|   0|  0|  16|          16|          16|
    |and_ln107_fu_1215_p2              |       and|   0|  0|   2|           1|           1|
    |and_ln112_fu_1245_p2              |       and|   0|  0|   2|           1|           1|
    |and_ln120_fu_1281_p2              |       and|   0|  0|   2|           1|           1|
    |ap_block_pp1_stage0_11001         |       and|   0|  0|   2|           1|           1|
    |ap_block_state33_io               |       and|   0|  0|   2|           1|           1|
    |ap_block_state34                  |       and|   0|  0|   2|           1|           1|
    |ap_block_state4                   |       and|   0|  0|   2|           1|           1|
    |ap_block_state8_pp1_stage0_iter0  |       and|   0|  0|   2|           1|           1|
    |ap_predicate_op105_read_state4    |       and|   0|  0|   2|           1|           1|
    |ap_predicate_op158_read_state8    |       and|   0|  0|   2|           1|           1|
    |ap_predicate_op328_write_state34  |       and|   0|  0|   2|           1|           1|
    |icmp_ln101_fu_1095_p2             |      icmp|   0|  0|  18|          32|          32|
    |icmp_ln102_fu_1100_p2             |      icmp|   0|  0|  18|          32|          32|
    |icmp_ln103_fu_1105_p2             |      icmp|   0|  0|  18|          32|          32|
    |icmp_ln104_fu_1110_p2             |      icmp|   0|  0|  18|          32|          32|
    |icmp_ln105_fu_1115_p2             |      icmp|   0|  0|  18|          32|          32|
    |icmp_ln107_1_fu_1120_p2           |      icmp|   0|  0|  18|          32|          32|
    |icmp_ln107_fu_1209_p2             |      icmp|   0|  0|  18|          32|           1|
    |icmp_ln112_1_fu_1239_p2           |      icmp|   0|  0|  18|          32|           2|
    |icmp_ln112_fu_1233_p2             |      icmp|   0|  0|  18|          32|           2|
    |icmp_ln113_fu_1251_p2             |      icmp|   0|  0|  18|          32|          32|
    |icmp_ln47_fu_819_p2               |      icmp|   0|  0|  18|          32|          11|
    |icmp_ln49_fu_828_p2               |      icmp|   0|  0|  18|          32|           2|
    |icmp_ln51_fu_840_p2               |      icmp|   0|  0|  18|          32|           2|
    |icmp_ln54_fu_846_p2               |      icmp|   0|  0|  18|          32|          32|
    |icmp_ln55_fu_851_p2               |      icmp|   0|  0|  18|          32|          32|
    |icmp_ln56_fu_856_p2               |      icmp|   0|  0|  18|          32|          32|
    |icmp_ln67_fu_903_p2               |      icmp|   0|  0|   8|           2|           2|
    |icmp_ln68_fu_972_p2               |      icmp|   0|  0|  14|          22|           1|
    |icmp_ln70_fu_978_p2               |      icmp|   0|  0|  18|          32|          11|
    |icmp_ln73_fu_984_p2               |      icmp|   0|  0|  18|          32|          32|
    |icmp_ln74_fu_989_p2               |      icmp|   0|  0|  18|          32|          32|
    |icmp_ln87_fu_1037_p2              |      icmp|   0|  0|  14|          22|           1|
    |icmp_ln89_fu_1053_p2              |      icmp|   0|  0|  14|          22|           1|
    |icmp_ln91_fu_1065_p2              |      icmp|   0|  0|  18|          32|          11|
    |icmp_ln94_fu_1077_p2              |      icmp|   0|  0|  18|          32|           2|
    |icmp_ln97_fu_1089_p2              |      icmp|   0|  0|  18|          32|           2|
    |ap_block_state33                  |        or|   0|  0|   2|           1|           1|
    |or_ln107_fu_1203_p2               |        or|   0|  0|  32|          32|          32|
    |accum_V_4_fu_1227_p3              |    select|   0|  0|   8|           1|           8|
    |accum_V_7_fu_1286_p3              |    select|   0|  0|   8|           1|           1|
    |grp_fu_1339_p2                    |    select|   0|  0|   8|           1|           8|
    |ap_enable_pp1                     |       xor|   0|  0|   2|           1|           2|
    |ap_enable_reg_pp1_iter1           |       xor|   0|  0|   2|           2|           1|
    +----------------------------------+----------+----+---+----+------------+------------+
    |Total                             |          |   0|  0|1102|        1279|         569|
    +----------------------------------+----------+----+---+----+------------+------------+

    * Multiplexer: 
    +--------------------------------+-----+-----------+-----+-----------+
    |              Name              | LUT | Input Size| Bits| Total Bits|
    +--------------------------------+-----+-----------+-----+-----------+
    |accum_V_fu_144                  |   14|          3|    8|         24|
    |ap_NS_fsm                       |  134|         30|    1|         30|
    |ap_enable_reg_pp1_iter1         |    9|          2|    1|          2|
    |ap_enable_reg_pp1_iter5         |    9|          2|    1|          2|
    |ap_phi_mux_kn_4_phi_fu_699_p16  |    9|          2|   32|         64|
    |ap_phi_mux_kx_1_phi_fu_764_p16  |    9|          2|   32|         64|
    |ap_phi_mux_ky_3_phi_fu_732_p16  |    9|          2|   32|         64|
    |ap_phi_mux_n_3_phi_fu_363_p8    |   14|          3|   32|         96|
    |ap_phi_mux_n_5_phi_fu_416_p4    |    9|          2|   32|         64|
    |ap_phi_mux_n_6_phi_fu_443_p6    |   14|          3|   32|         96|
    |ap_phi_mux_x_12_phi_fu_667_p16  |    9|          2|   32|         64|
    |ap_phi_mux_x_3_phi_fu_326_p8    |   14|          3|   32|         96|
    |ap_phi_mux_x_4_phi_fu_404_p4    |    9|          2|   32|         64|
    |ap_phi_mux_y_12_phi_fu_635_p16  |    9|          2|   32|         64|
    |ap_phi_mux_y_3_phi_fu_344_p8    |   14|          3|   32|         96|
    |count_fu_132                    |    9|          2|   32|         64|
    |featureMap_V_address0           |   20|          4|   18|         72|
    |featureMap_V_d0                 |   14|          3|    4|         12|
    |filter_V_address0               |   14|          3|   14|         42|
    |kn_1_reg_548                    |    9|          2|   32|         64|
    |kn_2_reg_595                    |    9|          2|   32|         64|
    |kn_4_reg_694                    |   14|          3|   32|         96|
    |kn_reg_512                      |    9|          2|   32|         64|
    |kx_1_reg_759                    |   20|          4|   32|        128|
    |kx_reg_618                      |    9|          2|   32|         64|
    |ky_1_reg_607                    |    9|          2|   32|         64|
    |ky_3_reg_726                    |   20|          4|   32|        128|
    |ky_reg_559                      |    9|          2|   32|         64|
    |n_1_reg_278                     |    9|          2|   32|         64|
    |n_2_reg_311                     |    9|          2|   32|         64|
    |n_5_reg_412                     |    9|          2|   32|         64|
    |n_reg_254                       |    9|          2|   32|         64|
    |strm_in_TDATA_blk_n             |    9|          2|    1|          2|
    |strm_out_TDATA_blk_n            |    9|          2|    1|          2|
    |x_10_reg_536                    |    9|          2|   32|         64|
    |x_11_reg_583                    |    9|          2|   32|         64|
    |x_12_reg_662                    |   14|          3|   32|         96|
    |x_1_reg_389                     |    9|          2|   32|         64|
    |x_2_reg_477                     |    9|          2|   32|         64|
    |x_4_reg_401                     |    9|          2|   32|         64|
    |x_7_reg_501                     |    9|          2|   32|         64|
    |x_9_reg_424                     |   14|          3|   32|         96|
    |x_reg_289                       |    9|          2|   32|         64|
    |y_10_reg_524                    |    9|          2|   32|         64|
    |y_11_reg_571                    |    9|          2|   32|         64|
    |y_12_reg_630                    |   14|          3|   32|         96|
    |y_1_reg_300                     |    9|          2|   32|         64|
    |y_2_reg_378                     |    9|          2|    2|          4|
    |y_4_reg_454                     |    9|          2|   32|         64|
    |y_7_reg_466                     |    9|          2|   32|         64|
    |y_9_reg_489                     |    9|          2|   32|         64|
    |y_reg_266                       |    9|          2|   32|         64|
    +--------------------------------+-----+-----------+-----+-----------+
    |Total                           |  681|        149| 1395|       3264|
    +--------------------------------+-----+-----------+-----+-----------+

    * Register: 
    +-------------------------+----+----+-----+-----------+
    |           Name          | FF | LUT| Bits| Const Bits|
    +-------------------------+----+----+-----+-----------+
    |accum_V_4_reg_1666       |   8|   0|    8|          0|
    |accum_V_5_reg_1494       |   8|   0|    8|          0|
    |accum_V_fu_144           |   8|   0|    8|          0|
    |add_ln109_1_reg_1628     |  18|   0|   18|          0|
    |and_ln112_reg_1673       |   1|   0|    1|          0|
    |ap_CS_fsm                |  29|   0|   29|          0|
    |ap_enable_reg_pp1_iter0  |   1|   0|    1|          0|
    |ap_enable_reg_pp1_iter1  |   1|   0|    1|          0|
    |ap_enable_reg_pp1_iter2  |   1|   0|    1|          0|
    |ap_enable_reg_pp1_iter3  |   1|   0|    1|          0|
    |ap_enable_reg_pp1_iter4  |   1|   0|    1|          0|
    |ap_enable_reg_pp1_iter5  |   1|   0|    1|          0|
    |conv48_reg_1484          |  32|   0|   32|          0|
    |conv59_reg_1489          |  32|   0|   32|          0|
    |count_fu_132             |  32|   0|   32|          0|
    |empty_21_reg_1402        |  16|   0|   16|          0|
    |empty_22_reg_1407        |  16|   0|   16|          0|
    |empty_23_reg_1413        |  16|   0|   16|          0|
    |empty_25_reg_1426        |  18|   0|   18|          0|
    |empty_28_reg_1535        |  18|   0|   18|          0|
    |empty_reg_1396           |  14|   0|   14|          0|
    |icmp_ln101_reg_1575      |   1|   0|    1|          0|
    |icmp_ln102_reg_1579      |   1|   0|    1|          0|
    |icmp_ln103_reg_1583      |   1|   0|    1|          0|
    |icmp_ln104_reg_1587      |   1|   0|    1|          0|
    |icmp_ln105_reg_1591      |   1|   0|    1|          0|
    |icmp_ln107_1_reg_1595    |   1|   0|    1|          0|
    |icmp_ln113_reg_1677      |   1|   0|    1|          0|
    |icmp_ln70_reg_1508       |   1|   0|    1|          0|
    |icmp_ln73_reg_1512       |   1|   0|    1|          0|
    |icmp_ln74_reg_1516       |   1|   0|    1|          0|
    |kn_1_reg_548             |  32|   0|   32|          0|
    |kn_2_reg_595             |  32|   0|   32|          0|
    |kn_4_reg_694             |  32|   0|   32|          0|
    |kn_reg_512               |  32|   0|   32|          0|
    |kx_1_reg_759             |  32|   0|   32|          0|
    |kx_reg_618               |  32|   0|   32|          0|
    |ky_1_reg_607             |  32|   0|   32|          0|
    |ky_3_reg_726             |  32|   0|   32|          0|
    |ky_reg_559               |  32|   0|   32|          0|
    |n_1_reg_278              |  32|   0|   32|          0|
    |n_2_reg_311              |  32|   0|   32|          0|
    |n_5_reg_412              |  32|   0|   32|          0|
    |n_7_reg_1525             |  32|   0|   32|          0|
    |n_reg_254                |  32|   0|   32|          0|
    |sext_ln87_reg_1499       |  32|   0|   32|          0|
    |tmp_data_V_reg_1418      |  32|   0|   32|          0|
    |trunc_ln109_reg_1606     |  18|   0|   18|          0|
    |trunc_ln36_2_reg_1622    |  18|   0|   18|          0|
    |trunc_ln36_reg_1617      |   2|   0|    2|          0|
    |trunc_ln69_2_reg_1520    |   4|   0|    4|          0|
    |trunc_ln70_reg_1530      |  18|   0|   18|          0|
    |x_10_reg_536             |  32|   0|   32|          0|
    |x_11_reg_583             |  32|   0|   32|          0|
    |x_12_reg_662             |  32|   0|   32|          0|
    |x_1_reg_389              |  32|   0|   32|          0|
    |x_2_reg_477              |  32|   0|   32|          0|
    |x_4_reg_401              |  32|   0|   32|          0|
    |x_7_reg_501              |  32|   0|   32|          0|
    |x_9_reg_424              |  32|   0|   32|          0|
    |x_reg_289                |  32|   0|   32|          0|
    |y_10_reg_524             |  32|   0|   32|          0|
    |y_11_reg_571             |  32|   0|   32|          0|
    |y_12_reg_630             |  32|   0|   32|          0|
    |y_1_reg_300              |  32|   0|   32|          0|
    |y_2_reg_378              |   2|   0|    2|          0|
    |y_4_reg_454              |  32|   0|   32|          0|
    |y_6_reg_1464             |   2|   0|    2|          0|
    |y_7_reg_466              |  32|   0|   32|          0|
    |y_9_reg_489              |  32|   0|   32|          0|
    |y_reg_266                |  32|   0|   32|          0|
    |zext_ln67_reg_1472       |   2|   0|   18|         16|
    |icmp_ln70_reg_1508       |  64|  32|    1|          0|
    |icmp_ln73_reg_1512       |  64|  32|    1|          0|
    |icmp_ln74_reg_1516       |  64|  32|    1|          0|
    |trunc_ln69_2_reg_1520    |  64|  32|    4|          0|
    |trunc_ln70_reg_1530      |  64|  32|   18|          0|
    +-------------------------+----+----+-----+-----------+
    |Total                    |1724| 160| 1445|         16|
    +-------------------------+----+----+-----+-----------+



================================================================
== Interface
================================================================
* Summary: 
+-----------------+-----+-----+--------------+-------------------+--------------+
|    RTL Ports    | Dir | Bits|   Protocol   |   Source Object   |    C Type    |
+-----------------+-----+-----+--------------+-------------------+--------------+
|ap_clk           |   in|    1|  ap_ctrl_none|          depthwise|  return value|
|ap_rst_n         |   in|    1|  ap_ctrl_none|          depthwise|  return value|
|strm_in_TDATA    |   in|   32|          axis|   strm_in_V_data_V|       pointer|
|strm_in_TVALID   |   in|    1|          axis|   strm_in_V_last_V|       pointer|
|strm_in_TREADY   |  out|    1|          axis|   strm_in_V_last_V|       pointer|
|strm_in_TLAST    |   in|    1|          axis|   strm_in_V_last_V|       pointer|
|strm_in_TKEEP    |   in|    4|          axis|   strm_in_V_keep_V|       pointer|
|strm_in_TSTRB    |   in|    4|          axis|   strm_in_V_strb_V|       pointer|
|strm_out_TDATA   |  out|   32|          axis|  strm_out_V_data_V|       pointer|
|strm_out_TVALID  |  out|    1|          axis|  strm_out_V_last_V|       pointer|
|strm_out_TREADY  |   in|    1|          axis|  strm_out_V_last_V|       pointer|
|strm_out_TLAST   |  out|    1|          axis|  strm_out_V_last_V|       pointer|
|strm_out_TKEEP   |  out|    4|          axis|  strm_out_V_keep_V|       pointer|
|strm_out_TSTRB   |  out|    4|          axis|  strm_out_V_strb_V|       pointer|
|kernelN          |   in|   32|       ap_none|            kernelN|        scalar|
|kernelSize       |   in|   32|       ap_none|         kernelSize|        scalar|
|mapSizeX         |   in|   32|       ap_none|           mapSizeX|        scalar|
|mapSizeY         |   in|   32|       ap_none|           mapSizeY|        scalar|
|relu             |   in|    1|       ap_none|               relu|        scalar|
+-----------------+-----+-----+--------------+-------------------+--------------+

