

================================================================
== Vitis HLS Report for 'conv'
================================================================
* Date:           Mon Jun 27 15:39:16 2022

* Version:        2020.2 (Build 3064766 on Wed Nov 18 09:12:47 MST 2020)
* Project:        conv
* Solution:       solution1 (Vivado IP Flow Target)
* Product family: zynq
* Target device:  xc7z020-clg400-1


================================================================
== Performance Estimates
================================================================
+ Timing: 
    * Summary: 
    +--------+----------+----------+------------+
    |  Clock |  Target  | Estimated| Uncertainty|
    +--------+----------+----------+------------+
    |ap_clk  |  10.00 ns|  6.912 ns|     2.70 ns|
    +--------+----------+----------+------------+

+ Latency: 
    * Summary: 
    +---------+---------+-----------+-----------+------+------+---------+
    |  Latency (cycles) |   Latency (absolute)  |   Interval  | Pipeline|
    |   min   |   max   |    min    |    max    |  min |  max |   Type  |
    +---------+---------+-----------+-----------+------+------+---------+
    |     8408|     8408|  84.080 us|  84.080 us|  8409|  8409|     none|
    +---------+---------+-----------+-----------+------+------+---------+

    + Detail: 
        * Instance: 
        N/A

        * Loop: 
        +------------------------+---------+---------+----------+-----------+-----------+------+----------+
        |                        |  Latency (cycles) | Iteration|  Initiation Interval  | Trip |          |
        |        Loop Name       |   min   |   max   |  Latency |  achieved |   target  | Count| Pipelined|
        +------------------------+---------+---------+----------+-----------+-----------+------+----------+
        |- SaveFilterNLOOP       |      124|      124|        62|          -|          -|     2|        no|
        | + SaveKernelNLOOP      |       60|       60|        20|          -|          -|     3|        no|
        |  ++ SaveKernelYLOOP    |       18|       18|         6|          -|          -|     3|        no|
        |   +++ SaveKernelXLOOP  |        3|        3|         1|          1|          1|     3|       yes|
        |- SaveMapYLOOP          |      171|      171|        57|          -|          -|     3|        no|
        | + SaveMapXLOOP         |       55|       55|        11|          -|          -|     5|        no|
        |  ++ SaveMapNLOOP       |        8|        8|         7|          1|          1|     3|       yes|
        |- OutYLOOP              |     8110|     8110|      1622|          -|          -|     5|        no|
        | + OutXLOOP             |     1620|     1620|       324|          -|          -|     5|        no|
        |  ++ FilterLOOP         |      322|      322|       161|          -|          -|     2|        no|
        |   +++ KernelYLOOP      |      159|      159|        53|          -|          -|     3|        no|
        |    ++++ KernelXLOOP    |       51|       51|        17|          -|          -|     3|        no|
        |     +++++ ChannelLOOP  |       14|       14|        13|          1|          1|     3|       yes|
        +------------------------+---------+---------+----------+-----------+-----------+------+----------+



================================================================
== Utilization Estimates
================================================================
* Summary: 
+-----------------+---------+-----+--------+-------+-----+
|       Name      | BRAM_18K| DSP |   FF   |  LUT  | URAM|
+-----------------+---------+-----+--------+-------+-----+
|DSP              |        -|    7|       -|      -|    -|
|Expression       |        -|    -|       0|   1684|    -|
|FIFO             |        -|    -|       -|      -|    -|
|Instance         |        -|    0|     165|     83|    -|
|Memory           |        5|    -|       0|      0|    -|
|Multiplexer      |        -|    -|       -|    765|    -|
|Register         |        -|    -|    3725|    800|    -|
+-----------------+---------+-----+--------+-------+-----+
|Total            |        5|    7|    3890|   3332|    0|
+-----------------+---------+-----+--------+-------+-----+
|Available        |      280|  220|  106400|  53200|    0|
+-----------------+---------+-----+--------+-------+-----+
|Utilization (%)  |        1|    3|       3|      6|    0|
+-----------------+---------+-----+--------+-------+-----+

+ Detail: 
    * Instance: 
    +-----------------------+--------------------+---------+----+-----+----+-----+
    |        Instance       |       Module       | BRAM_18K| DSP|  FF | LUT| URAM|
    +-----------------------+--------------------+---------+----+-----+----+-----+
    |mul_32s_32s_64_2_1_U2  |mul_32s_32s_64_2_1  |        0|   0|  165|  50|    0|
    |mul_7s_7s_7_1_1_U1     |mul_7s_7s_7_1_1     |        0|   0|    0|  33|    0|
    +-----------------------+--------------------+---------+----+-----+----+-----+
    |Total                  |                    |        0|   0|  165|  83|    0|
    +-----------------------+--------------------+---------+----+-----+----+-----+

    * DSP: 
    +------------------------------------------+---------------------------------------+---------------------+
    |                 Instance                 |                 Module                |      Expression     |
    +------------------------------------------+---------------------------------------+---------------------+
    |ama_addmuladd_11s_2ns_11s_11ns_11_4_1_U4  |ama_addmuladd_11s_2ns_11s_11ns_11_4_1  |  (i0 + i1) * i2 + i3|
    |ama_addmuladd_11s_2ns_11s_11ns_11_4_1_U7  |ama_addmuladd_11s_2ns_11s_11ns_11_4_1  |  i0 + (i1 + i2) * i3|
    |ama_addmuladd_11s_2ns_11s_11ns_11_4_1_U8  |ama_addmuladd_11s_2ns_11s_11ns_11_4_1  |  (i0 + i1) * i2 + i3|
    |ama_addmuladd_7ns_7ns_7s_7ns_7_4_1_U9     |ama_addmuladd_7ns_7ns_7s_7ns_7_4_1     |  (i0 + i1) * i2 + i3|
    |mac_muladd_7s_7s_7ns_7_4_1_U6             |mac_muladd_7s_7s_7ns_7_4_1             |         i0 + i1 * i2|
    |mul_mul_11s_11s_11_4_1_U3                 |mul_mul_11s_11s_11_4_1                 |              i0 * i1|
    |mul_mul_11s_11s_11_4_1_U5                 |mul_mul_11s_11s_11_4_1                 |              i0 * i1|
    +------------------------------------------+---------------------------------------+---------------------+

    * Memory: 
    +----------------+--------------+---------+---+----+-----+------+-----+------+-------------+
    |     Memory     |    Module    | BRAM_18K| FF| LUT| URAM| Words| Bits| Banks| W*Bits*Banks|
    +----------------+--------------+---------+---+----+-----+------+-----+------+-------------+
    |featureMap_V_U  |featureMap_V  |        4|  0|   0|    0|  1280|   32|     1|        40960|
    |filter_V_U      |filter_V      |        1|  0|   0|    0|    90|   32|     1|         2880|
    +----------------+--------------+---------+---+----+-----+------+-----+------+-------------+
    |Total           |              |        5|  0|   0|    0|  1370|   64|     2|        43840|
    +----------------+--------------+---------+---+----+-----+------+-----+------+-------------+

    * FIFO: 
    N/A

    * Expression: 
    +-----------------------------------+----------+----+---+----+------------+------------+
    |           Variable Name           | Operation| DSP| FF| LUT| Bitwidth P0| Bitwidth P1|
    +-----------------------------------+----------+----+---+----+------------+------------+
    |accum_V_3_fu_1593_p2               |         +|   0|  0|  71|          64|          64|
    |add_ln116_2_fu_1551_p2             |         +|   0|  0|  12|          11|          11|
    |add_ln116_fu_1448_p2               |         +|   0|  0|  10|           2|           2|
    |add_ln122_fu_1538_p2               |         +|   0|  0|  10|           2|           2|
    |count_1_fu_1107_p2                 |         +|   0|  0|  39|          32|           1|
    |f_5_fu_1060_p2                     |         +|   0|  0|  39|          32|           1|
    |f_8_fu_1343_p2                     |         +|   0|  0|  39|          32|           1|
    |kn_2_fu_1521_p2                    |         +|   0|  0|  39|          32|           1|
    |kx_2_fu_1636_p2                    |         +|   0|  0|  39|          32|           1|
    |ky_3_fu_1355_p2                    |         +|   0|  0|  39|          32|           1|
    |n_3_fu_1072_p2                     |         +|   0|  0|  39|          32|           1|
    |n_7_fu_1257_p2                     |         +|   0|  0|  39|          32|           1|
    |outMapXSize_fu_1165_p2             |         +|   0|  0|  16|          16|           1|
    |outMapYSize_fu_1155_p2             |         +|   0|  0|  16|          16|           1|
    |sub105_fu_1206_p2                  |         +|   0|  0|  39|          32|           2|
    |sub120_fu_1211_p2                  |         +|   0|  0|  24|          17|           2|
    |sub86_fu_1187_p2                   |         +|   0|  0|  39|          32|           2|
    |sub91_fu_1196_p2                   |         +|   0|  0|  24|          17|           2|
    |x_10_fu_1123_p2                    |         +|   0|  0|  39|          32|           1|
    |x_5_fu_1271_p2                     |         +|   0|  0|  39|          32|           1|
    |x_7_fu_1331_p2                     |         +|   0|  0|  39|          32|           1|
    |y_5_fu_1135_p2                     |         +|   0|  0|  10|           2|           1|
    |y_7_fu_1129_p2                     |         +|   0|  0|  39|          32|           1|
    |y_8_fu_1309_p2                     |         +|   0|  0|  39|          32|           1|
    |sub_ln90_fu_1151_p2                |         -|   0|  0|  16|          16|          16|
    |sub_ln91_fu_1161_p2                |         -|   0|  0|  16|          16|          16|
    |and_ln115_fu_1582_p2               |       and|   0|  0|   2|           1|           1|
    |and_ln119_fu_1464_p2               |       and|   0|  0|   2|           1|           1|
    |and_ln120_fu_1481_p2               |       and|   0|  0|   2|           1|           1|
    |and_ln125_fu_1492_p2               |       and|   0|  0|   2|           1|           1|
    |and_ln126_fu_1614_p2               |       and|   0|  0|   2|           1|           1|
    |ap_block_pp1_stage0_11001          |       and|   0|  0|   2|           1|           1|
    |ap_block_state22_pp2_stage0_iter0  |       and|   0|  0|   2|           1|           1|
    |ap_block_state33_io                |       and|   0|  0|   2|           1|           1|
    |ap_block_state34_io                |       and|   0|  0|   2|           1|           1|
    |ap_block_state5                    |       and|   0|  0|   2|           1|           1|
    |ap_block_state9_pp1_stage0_iter0   |       and|   0|  0|   2|           1|           1|
    |ap_predicate_op125_read_state5     |       and|   0|  0|   2|           1|           1|
    |ap_predicate_op183_read_state9     |       and|   0|  0|   2|           1|           1|
    |ap_predicate_op304_read_state22    |       and|   0|  0|   2|           1|           1|
    |ap_predicate_op385_write_state33   |       and|   0|  0|   2|           1|           1|
    |ap_predicate_op386_write_state34   |       and|   0|  0|   2|           1|           1|
    |tmpo_last_V_fu_1515_p2             |       and|   0|  0|   2|           1|           1|
    |icmp_ln101_fu_1349_p2              |      icmp|   0|  0|  18|          32|           2|
    |icmp_ln103_fu_1361_p2              |      icmp|   0|  0|  18|          32|           4|
    |icmp_ln108_fu_1395_p2              |      icmp|   0|  0|  18|          32|          32|
    |icmp_ln109_fu_1400_p2              |      icmp|   0|  0|  18|          32|          32|
    |icmp_ln110_fu_1405_p2              |      icmp|   0|  0|  18|          32|          32|
    |icmp_ln111_fu_1410_p2              |      icmp|   0|  0|  18|          32|          32|
    |icmp_ln112_fu_1415_p2              |      icmp|   0|  0|  18|          32|          32|
    |icmp_ln113_fu_1420_p2              |      icmp|   0|  0|  18|          32|          32|
    |icmp_ln115_1_fu_1443_p2            |      icmp|   0|  0|  18|          32|          32|
    |icmp_ln115_fu_1437_p2              |      icmp|   0|  0|  18|          32|           1|
    |icmp_ln119_1_fu_1459_p2            |      icmp|   0|  0|  18|          32|          32|
    |icmp_ln119_fu_1454_p2              |      icmp|   0|  0|  18|          32|          32|
    |icmp_ln120_1_fu_1475_p2            |      icmp|   0|  0|  18|          32|           1|
    |icmp_ln120_fu_1470_p2              |      icmp|   0|  0|  18|          32|          32|
    |icmp_ln125_fu_1487_p2              |      icmp|   0|  0|  18|          32|          32|
    |icmp_ln130_fu_1498_p2              |      icmp|   0|  0|  18|          32|          32|
    |icmp_ln48_fu_1048_p2               |      icmp|   0|  0|  16|          27|           1|
    |icmp_ln50_fu_1054_p2               |      icmp|   0|  0|  18|          32|           4|
    |icmp_ln52_fu_1066_p2               |      icmp|   0|  0|  18|          32|           2|
    |icmp_ln54_fu_1078_p2               |      icmp|   0|  0|  18|          32|           2|
    |icmp_ln57_fu_1084_p2               |      icmp|   0|  0|  18|          32|          32|
    |icmp_ln58_fu_1089_p2               |      icmp|   0|  0|  18|          32|          32|
    |icmp_ln59_fu_1094_p2               |      icmp|   0|  0|  18|          32|          32|
    |icmp_ln60_fu_1099_p2               |      icmp|   0|  0|  18|          32|          32|
    |icmp_ln72_fu_1141_p2               |      icmp|   0|  0|   8|           2|           2|
    |icmp_ln74_fu_1231_p2               |      icmp|   0|  0|  14|          22|           1|
    |icmp_ln76_fu_1237_p2               |      icmp|   0|  0|  18|          32|           4|
    |icmp_ln79_fu_1247_p2               |      icmp|   0|  0|  18|          32|          32|
    |icmp_ln80_fu_1252_p2               |      icmp|   0|  0|  18|          32|          32|
    |icmp_ln93_fu_1287_p2               |      icmp|   0|  0|  14|          22|           1|
    |icmp_ln95_fu_1303_p2               |      icmp|   0|  0|  14|          22|           1|
    |icmp_ln97_fu_1325_p2               |      icmp|   0|  0|  16|          27|           1|
    |icmp_ln99_fu_1337_p2               |      icmp|   0|  0|  18|          32|           2|
    |ap_block_pp2_stage0_01001          |        or|   0|  0|   2|           1|           1|
    |ap_block_pp2_stage0_11001          |        or|   0|  0|   2|           1|           1|
    |or_ln115_1_fu_1431_p2              |        or|   0|  0|  32|          32|          32|
    |or_ln115_fu_1425_p2                |        or|   0|  0|  32|          32|          32|
    |accum_V_2_fu_1586_p3               |    select|   0|  0|  64|           1|          64|
    |accum_V_4_fu_1598_p3               |    select|   0|  0|  64|           1|          64|
    |accum_V_5_fu_1619_p3               |    select|   0|  0|  64|           1|           1|
    |ap_enable_pp1                      |       xor|   0|  0|   2|           1|           2|
    |ap_enable_pp2                      |       xor|   0|  0|   2|           1|           2|
    |ap_enable_reg_pp1_iter1            |       xor|   0|  0|   2|           2|           1|
    |ap_enable_reg_pp2_iter1            |       xor|   0|  0|   2|           2|           1|
    |xor_ln130_1_fu_1503_p2             |       xor|   0|  0|   2|           1|           2|
    |xor_ln130_fu_1509_p2               |       xor|   0|  0|   2|           1|           2|
    +-----------------------------------+----------+----+---+----+------------+------------+
    |Total                              |          |   0|  0|1684|        1739|         962|
    +-----------------------------------+----------+----+---+----+------------+------------+

    * Multiplexer: 
    +--------------------------------+----+-----------+-----+-----------+
    |              Name              | LUT| Input Size| Bits| Total Bits|
    +--------------------------------+----+-----------+-----+-----------+
    |accum_V_fu_152                  |   9|          2|   64|        128|
    |ap_NS_fsm                       |  87|         18|    1|         18|
    |ap_enable_reg_pp1_iter1         |   9|          2|    1|          2|
    |ap_enable_reg_pp1_iter6         |   9|          2|    1|          2|
    |ap_enable_reg_pp2_iter1         |   9|          2|    1|          2|
    |ap_enable_reg_pp2_iter12        |   9|          2|    1|          2|
    |ap_phi_mux_f_10_phi_fu_752_p4   |   9|          2|   32|         64|
    |ap_phi_mux_f_4_phi_fu_455_p10   |  14|          3|   32|         96|
    |ap_phi_mux_kn_1_phi_fu_963_p18  |  20|          4|   32|        128|
    |ap_phi_mux_kx_1_phi_fu_775_p4   |   9|          2|   32|         64|
    |ap_phi_mux_ky_2_phi_fu_764_p4   |   9|          2|   32|         64|
    |ap_phi_mux_n_4_phi_fu_433_p10   |  14|          3|   32|         96|
    |ap_phi_mux_n_6_phi_fu_537_p6    |  14|          3|   32|         96|
    |ap_phi_mux_x_12_phi_fu_740_p4   |   9|          2|   32|         64|
    |ap_phi_mux_x_3_phi_fu_499_p4    |   9|          2|   32|         64|
    |ap_phi_mux_x_4_phi_fu_390_p10   |  14|          3|   32|         96|
    |ap_phi_mux_y_12_phi_fu_728_p4   |   9|          2|   32|         64|
    |ap_phi_mux_y_4_phi_fu_411_p10   |  14|          3|   32|         96|
    |ap_sig_allocacmp_accum_V_load   |   9|          2|   64|        128|
    |count_fu_140                    |   9|          2|   32|         64|
    |f_10_reg_748                    |   9|          2|   32|         64|
    |f_11_reg_862                    |  14|          3|   32|         96|
    |f_1_reg_295                     |   9|          2|   32|         64|
    |f_2_reg_329                     |   9|          2|   32|         64|
    |f_3_reg_375                     |   9|          2|   32|         64|
    |f_6_reg_606                     |   9|          2|   32|         64|
    |f_7_reg_642                     |   9|          2|   32|         64|
    |f_9_reg_689                     |   9|          2|   32|         64|
    |f_reg_271                       |   9|          2|   32|         64|
    |featureMap_V_address0           |  14|          3|   11|         33|
    |featureMap_V_d0                 |  14|          3|   32|         96|
    |filter_V_address0               |  14|          3|    7|         21|
    |kn_reg_783                      |   9|          2|   32|         64|
    |kx_1_reg_772                    |   9|          2|   32|         64|
    |kx_3_reg_928                    |  20|          4|   32|        128|
    |kx_reg_712                      |   9|          2|   32|         64|
    |ky_1_reg_701                    |   9|          2|   32|         64|
    |ky_2_reg_760                    |   9|          2|   32|         64|
    |ky_4_reg_896                    |  20|          4|   32|        128|
    |ky_reg_653                      |   9|          2|   32|         64|
    |n_1_reg_318                     |   9|          2|   32|         64|
    |n_2_reg_363                     |   9|          2|   32|         64|
    |n_5_reg_507                     |   9|          2|   32|         64|
    |n_reg_283                       |   9|          2|   32|         64|
    |strm_in_TDATA_blk_n             |   9|          2|    1|          2|
    |strm_out_TDATA_blk_n            |   9|          2|    1|          2|
    |x_11_reg_677                    |   9|          2|   32|         64|
    |x_12_reg_736                    |   9|          2|   32|         64|
    |x_13_reg_828                    |  14|          3|   32|         96|
    |x_1_reg_341                     |   9|          2|   32|         64|
    |x_2_reg_571                     |   9|          2|   32|         64|
    |x_3_reg_496                     |   9|          2|   32|         64|
    |x_6_reg_595                     |   9|          2|   32|         64|
    |x_8_reg_518                     |  14|          3|   32|         96|
    |x_9_reg_630                     |   9|          2|   32|         64|
    |x_reg_484                       |   9|          2|   32|         64|
    |y_10_reg_618                    |   9|          2|   32|         64|
    |y_11_reg_665                    |   9|          2|   32|         64|
    |y_12_reg_724                    |   9|          2|   32|         64|
    |y_13_reg_794                    |  14|          3|   32|         96|
    |y_1_reg_352                     |   9|          2|   32|         64|
    |y_2_reg_306                     |   9|          2|   32|         64|
    |y_3_reg_548                     |   9|          2|   32|         64|
    |y_6_reg_560                     |   9|          2|   32|         64|
    |y_9_reg_583                     |   9|          2|   32|         64|
    |y_reg_473                       |   9|          2|    2|          4|
    +--------------------------------+----+-----------+-----+-----------+
    |Total                           | 765|        166| 1883|       4312|
    +--------------------------------+----+-----------+-----+-----------+

    * Register: 
    +-------------------------------------+----+----+-----+-----------+
    |                 Name                | FF | LUT| Bits| Const Bits|
    +-------------------------------------+----+----+-----+-----------+
    |accum_V_5_reg_2112                   |  64|   0|   64|          0|
    |accum_V_6_reg_1857                   |  64|   0|   64|          0|
    |accum_V_fu_152                       |  64|   0|   64|          0|
    |add_ln116_2_reg_2067                 |  11|   0|   11|          0|
    |add_ln116_3_reg_2062                 |   7|   0|    7|          0|
    |add_ln116_reg_2025                   |   2|   0|    2|          0|
    |add_ln122_1_reg_2072                 |  11|   0|   11|          0|
    |and_ln119_reg_2030                   |   1|   0|    1|          0|
    |and_ln120_reg_2034                   |   1|   0|    1|          0|
    |and_ln125_reg_2038                   |   1|   0|    1|          0|
    |ap_CS_fsm                            |  17|   0|   17|          0|
    |ap_enable_reg_pp1_iter0              |   1|   0|    1|          0|
    |ap_enable_reg_pp1_iter1              |   1|   0|    1|          0|
    |ap_enable_reg_pp1_iter2              |   1|   0|    1|          0|
    |ap_enable_reg_pp1_iter3              |   1|   0|    1|          0|
    |ap_enable_reg_pp1_iter4              |   1|   0|    1|          0|
    |ap_enable_reg_pp1_iter5              |   1|   0|    1|          0|
    |ap_enable_reg_pp1_iter6              |   1|   0|    1|          0|
    |ap_enable_reg_pp2_iter0              |   1|   0|    1|          0|
    |ap_enable_reg_pp2_iter1              |   1|   0|    1|          0|
    |ap_enable_reg_pp2_iter10             |   1|   0|    1|          0|
    |ap_enable_reg_pp2_iter11             |   1|   0|    1|          0|
    |ap_enable_reg_pp2_iter12             |   1|   0|    1|          0|
    |ap_enable_reg_pp2_iter2              |   1|   0|    1|          0|
    |ap_enable_reg_pp2_iter3              |   1|   0|    1|          0|
    |ap_enable_reg_pp2_iter4              |   1|   0|    1|          0|
    |ap_enable_reg_pp2_iter5              |   1|   0|    1|          0|
    |ap_enable_reg_pp2_iter6              |   1|   0|    1|          0|
    |ap_enable_reg_pp2_iter7              |   1|   0|    1|          0|
    |ap_enable_reg_pp2_iter8              |   1|   0|    1|          0|
    |ap_enable_reg_pp2_iter9              |   1|   0|    1|          0|
    |conv50_reg_1837                      |  32|   0|   32|          0|
    |conv63_reg_1842                      |  32|   0|   32|          0|
    |count_fu_140                         |  32|   0|   32|          0|
    |empty_23_reg_1738                    |   7|   0|    7|          0|
    |empty_24_reg_1743                    |  11|   0|   11|          0|
    |empty_25_reg_1750                    |  11|   0|   11|          0|
    |empty_26_reg_1756                    |  16|   0|   16|          0|
    |empty_27_reg_1761                    |  16|   0|   16|          0|
    |empty_28_reg_1767                    |  16|   0|   16|          0|
    |empty_reg_1732                       |   7|   0|    7|          0|
    |f_10_reg_748                         |  32|   0|   32|          0|
    |f_11_reg_862                         |  32|   0|   32|          0|
    |f_1_reg_295                          |  32|   0|   32|          0|
    |f_2_reg_329                          |  32|   0|   32|          0|
    |f_3_reg_375                          |  32|   0|   32|          0|
    |f_6_reg_606                          |  32|   0|   32|          0|
    |f_7_reg_642                          |  32|   0|   32|          0|
    |f_9_reg_689                          |  32|   0|   32|          0|
    |f_reg_271                            |  32|   0|   32|          0|
    |icmp_ln103_reg_1955                  |   1|   0|    1|          0|
    |icmp_ln108_reg_1990                  |   1|   0|    1|          0|
    |icmp_ln109_reg_1994                  |   1|   0|    1|          0|
    |icmp_ln110_reg_1998                  |   1|   0|    1|          0|
    |icmp_ln111_reg_2002                  |   1|   0|    1|          0|
    |icmp_ln112_reg_2006                  |   1|   0|    1|          0|
    |icmp_ln113_reg_2010                  |   1|   0|    1|          0|
    |icmp_ln115_1_reg_2019                |   1|   0|    1|          0|
    |icmp_ln115_reg_2014                  |   1|   0|    1|          0|
    |icmp_ln76_reg_1882                   |   1|   0|    1|          0|
    |icmp_ln79_reg_1891                   |   1|   0|    1|          0|
    |icmp_ln80_reg_1895                   |   1|   0|    1|          0|
    |kn_reg_783                           |  32|   0|   32|          0|
    |kx_1_reg_772                         |  32|   0|   32|          0|
    |kx_3_reg_928                         |  32|   0|   32|          0|
    |kx_reg_712                           |  32|   0|   32|          0|
    |ky_1_reg_701                         |  32|   0|   32|          0|
    |ky_2_reg_760                         |  32|   0|   32|          0|
    |ky_4_reg_896                         |  32|   0|   32|          0|
    |ky_reg_653                           |  32|   0|   32|          0|
    |lhs_reg_2087                         |  32|   0|   32|          0|
    |n_1_reg_318                          |  32|   0|   32|          0|
    |n_2_reg_363                          |  32|   0|   32|          0|
    |n_5_reg_507                          |  32|   0|   32|          0|
    |n_reg_283                            |  32|   0|   32|          0|
    |reg_1000                             |  32|   0|   32|          0|
    |ret_reg_2107                         |  64|   0|   64|          0|
    |rhs_reg_2092                         |  32|   0|   32|          0|
    |sext_ln93_reg_1873                   |  32|   0|   32|          0|
    |sub105_reg_1867                      |  32|   0|   32|          0|
    |sub86_reg_1847                       |  32|   0|   32|          0|
    |sub91_cast_reg_1862                  |  32|   0|   32|          0|
    |tmp_data_V_reg_1899                  |  32|   0|   32|          0|
    |tmpo_last_V_reg_2042                 |   1|   0|    1|          0|
    |trunc_ln37_1_reg_1959                |   7|   0|    7|          0|
    |trunc_ln37_2_reg_1964                |   7|   0|    7|          0|
    |trunc_ln37_2_reg_1964_pp2_iter1_reg  |   7|   0|    7|          0|
    |trunc_ln37_4_reg_2057                |  11|   0|   11|          0|
    |trunc_ln37_5_reg_1974                |  11|   0|   11|          0|
    |trunc_ln37_6_reg_1980                |   2|   0|    2|          0|
    |trunc_ln37_reg_2052                  |   7|   0|    7|          0|
    |trunc_ln76_reg_1909                  |  11|   0|   11|          0|
    |x_11_reg_677                         |  32|   0|   32|          0|
    |x_12_reg_736                         |  32|   0|   32|          0|
    |x_13_reg_828                         |  32|   0|   32|          0|
    |x_1_reg_341                          |  32|   0|   32|          0|
    |x_2_reg_571                          |  32|   0|   32|          0|
    |x_3_reg_496                          |  32|   0|   32|          0|
    |x_6_reg_595                          |  32|   0|   32|          0|
    |x_8_reg_518                          |  32|   0|   32|          0|
    |x_9_reg_630                          |  32|   0|   32|          0|
    |x_reg_484                            |  32|   0|   32|          0|
    |y_10_reg_618                         |  32|   0|   32|          0|
    |y_11_reg_665                         |  32|   0|   32|          0|
    |y_12_reg_724                         |  32|   0|   32|          0|
    |y_13_reg_794                         |  32|   0|   32|          0|
    |y_1_reg_352                          |  32|   0|   32|          0|
    |y_2_reg_306                          |  32|   0|   32|          0|
    |y_3_reg_548                          |  32|   0|   32|          0|
    |y_5_reg_1817                         |   2|   0|    2|          0|
    |y_6_reg_560                          |  32|   0|   32|          0|
    |y_9_reg_583                          |  32|   0|   32|          0|
    |y_reg_473                            |   2|   0|    2|          0|
    |zext_ln72_reg_1825                   |   2|   0|   11|          9|
    |add_ln116_reg_2025                   |  64|  32|    2|          0|
    |and_ln119_reg_2030                   |  64|  32|    1|          0|
    |and_ln120_reg_2034                   |  64|  32|    1|          0|
    |and_ln125_reg_2038                   |  64|  32|    1|          0|
    |icmp_ln103_reg_1955                  |  64|  32|    1|          0|
    |icmp_ln108_reg_1990                  |  64|  32|    1|          0|
    |icmp_ln109_reg_1994                  |  64|  32|    1|          0|
    |icmp_ln110_reg_1998                  |  64|  32|    1|          0|
    |icmp_ln111_reg_2002                  |  64|  32|    1|          0|
    |icmp_ln112_reg_2006                  |  64|  32|    1|          0|
    |icmp_ln113_reg_2010                  |  64|  32|    1|          0|
    |icmp_ln115_1_reg_2019                |  64|  32|    1|          0|
    |icmp_ln115_reg_2014                  |  64|  32|    1|          0|
    |icmp_ln76_reg_1882                   |  64|  32|    1|          0|
    |icmp_ln79_reg_1891                   |  64|  32|    1|          0|
    |icmp_ln80_reg_1895                   |  64|  32|    1|          0|
    |reg_1000                             |  64|  32|   32|          0|
    |tmp_data_V_reg_1899                  |  64|  32|   32|          0|
    |tmpo_last_V_reg_2042                 |  64|  32|    1|          0|
    |trunc_ln37_1_reg_1959                |  64|  32|    7|          0|
    |trunc_ln37_4_reg_2057                |  64|  32|   11|          0|
    |trunc_ln37_5_reg_1974                |  64|  32|   11|          0|
    |trunc_ln37_6_reg_1980                |  64|  32|    2|          0|
    |trunc_ln37_reg_2052                  |  64|  32|    7|          0|
    |trunc_ln76_reg_1909                  |  64|  32|   11|          0|
    +-------------------------------------+----+----+-----+-----------+
    |Total                                |3725| 800| 2265|          9|
    +-------------------------------------+----+----+-----+-----------+



================================================================
== Interface
================================================================
* Summary: 
+-----------------+-----+-----+--------------+-------------------+--------------+
|    RTL Ports    | Dir | Bits|   Protocol   |   Source Object   |    C Type    |
+-----------------+-----+-----+--------------+-------------------+--------------+
|ap_clk           |   in|    1|  ap_ctrl_none|               conv|  return value|
|ap_rst_n         |   in|    1|  ap_ctrl_none|               conv|  return value|
|strm_in_TDATA    |   in|   32|          axis|   strm_in_V_data_V|       pointer|
|strm_in_TVALID   |   in|    1|          axis|   strm_in_V_last_V|       pointer|
|strm_in_TREADY   |  out|    1|          axis|   strm_in_V_last_V|       pointer|
|strm_in_TLAST    |   in|    1|          axis|   strm_in_V_last_V|       pointer|
|strm_in_TKEEP    |   in|    4|          axis|   strm_in_V_keep_V|       pointer|
|strm_in_TSTRB    |   in|    4|          axis|   strm_in_V_strb_V|       pointer|
|strm_out_TDATA   |  out|   32|          axis|  strm_out_V_data_V|       pointer|
|strm_out_TVALID  |  out|    1|          axis|  strm_out_V_last_V|       pointer|
|strm_out_TREADY  |   in|    1|          axis|  strm_out_V_last_V|       pointer|
|strm_out_TLAST   |  out|    1|          axis|  strm_out_V_last_V|       pointer|
|strm_out_TKEEP   |  out|    4|          axis|  strm_out_V_keep_V|       pointer|
|strm_out_TSTRB   |  out|    4|          axis|  strm_out_V_strb_V|       pointer|
|filterN          |   in|   32|       ap_none|            filterN|        scalar|
|kernelN          |   in|   32|       ap_none|            kernelN|        scalar|
|kernelSize       |   in|   32|       ap_none|         kernelSize|        scalar|
|mapSizeX         |   in|   32|       ap_none|           mapSizeX|        scalar|
|mapSizeY         |   in|   32|       ap_none|           mapSizeY|        scalar|
|relu             |   in|    1|       ap_none|               relu|        scalar|
+-----------------+-----+-----+--------------+-------------------+--------------+

