

================================================================
== Synthesis Summary Report of 'conv'
================================================================
+ General Information: 
    * Date:           Tue Jun 28 19:26:09 2022
    * Version:        2020.2 (Build 3064766 on Wed Nov 18 09:12:47 MST 2020)
    * Project:        conv
    * Solution:       solution1 (Vivado IP Flow Target)
    * Product family: zynq
    * Target device:  xc7z020-clg400-1
    

+ Performance & Resource Estimates: 
    
    PS: '+' for module; 'o' for loop; '*' for dataflow
    +---------------------+------+--------+---------+-----------+----------+---------+------+----------+---------+----------+-------------+-------------+-----+
    |       Modules       | Issue|        | Latency |  Latency  | Iteration|         | Trip |          |         |          |             |             |     |
    |       & Loops       | Type |  Slack | (cycles)|    (ns)   |  Latency | Interval| Count| Pipelined|  BRAM   |    DSP   |      FF     |     LUT     | URAM|
    +---------------------+------+--------+---------+-----------+----------+---------+------+----------+---------+----------+-------------+-------------+-----+
    |+ conv               |     -|   -1.73|   259845|  5.197e+06|         -|   259846|     -|        no|  1 (~0%)|  32 (14%)|  27528 (25%)|  42249 (79%)|    -|
    | o SaveFilterLOOP    |     -|  -18.75|      135|  2.700e+03|         1|        1|   135|       yes|        -|         -|            -|            -|    -|
    | o SaveMapLOOP       |     -|  -18.75|       45|    900.000|         1|        1|    45|       yes|        -|         -|            -|            -|    -|
    | o OutYLOOP          |     -|  -18.75|   259660|  5.193e+06|     51932|        -|     5|        no|        -|         -|            -|            -|    -|
    |  o OutXLOOP         |     -|  -18.75|    51930|  1.039e+06|     10386|        -|     5|        no|        -|         -|            -|            -|    -|
    |   o FilterLOOP      |     -|  -18.75|    10384|  2.077e+05|      5192|        -|     2|        no|        -|         -|            -|            -|    -|
    |    o KernelYLOOP    |     -|  -18.75|     5190|  1.038e+05|      1730|        -|     3|        no|        -|         -|            -|            -|    -|
    |     o KernelXLOOP   |     -|  -18.75|     1728|  3.456e+04|       576|        -|     3|        no|        -|         -|            -|            -|    -|
    |      o ChannelLOOP  |     -|  -18.75|      573|  1.146e+04|       194|      193|     2|       yes|        -|         -|            -|            -|    -|
    +---------------------+------+--------+---------+-----------+----------+---------+------+----------+---------+----------+-------------+-------------+-----+

